Archive member included to satisfy reference by file (symbol)

/home/riku/Escritorio/tiles/nflib/lib/libnflib.a(nf_2d.o)
                              main.o (NF_Set2D)
/home/riku/Escritorio/tiles/nflib/lib/libnflib.a(nf_basic.o)
                              /home/riku/Escritorio/tiles/nflib/lib/libnflib.a(nf_2d.o) (NF_Error)
/home/riku/Escritorio/tiles/nflib/lib/libnflib.a(nf_colision.o)
                              main.o (NF_InitCmapBuffers)
/home/riku/Escritorio/tiles/nflib/lib/libnflib.a(nf_sprite256.o)
                              main.o (NF_InitSpriteBuffers)
/home/riku/Escritorio/tiles/nflib/lib/libnflib.a(nf_text.o)
                              main.o (NF_InitTextSys)
/home/riku/Escritorio/tiles/nflib/lib/libnflib.a(nf_tiledbg.o)
                              main.o (NF_InitTiledBgBuffers)
/home/riku/devkitPro/libnds/lib/libfilesystem.a(nitrofs.o)
                              /home/riku/Escritorio/tiles/nflib/lib/libnflib.a(nf_basic.o) (nitroFSInit)
/home/riku/devkitPro/libnds/lib/libfat.a(libfat.o)
                              /home/riku/Escritorio/tiles/nflib/lib/libnflib.a(nf_basic.o) (fatInitDefault)
/home/riku/devkitPro/libnds/lib/libfat.a(partition.o)
                              /home/riku/devkitPro/libnds/lib/libfat.a(libfat.o) (_FAT_partition_constructor)
/home/riku/devkitPro/libnds/lib/libfat.a(lock.o)
                              /home/riku/devkitPro/libnds/lib/libfat.a(partition.o) (_FAT_lock_init)
/home/riku/devkitPro/libnds/lib/libfat.a(fatdir.o)
                              /home/riku/devkitPro/libnds/lib/libfat.a(libfat.o) (_FAT_stat_r)
/home/riku/devkitPro/libnds/lib/libfat.a(cache.o)
                              /home/riku/devkitPro/libnds/lib/libfat.a(partition.o) (_FAT_cache_constructor)
/home/riku/devkitPro/libnds/lib/libfat.a(fatfile.o)
                              /home/riku/devkitPro/libnds/lib/libfat.a(libfat.o) (_FAT_open_r)
/home/riku/devkitPro/libnds/lib/libfat.a(disc.o)
                              /home/riku/devkitPro/libnds/lib/libfat.a(libfat.o) (_FAT_disc_interfaces)
/home/riku/devkitPro/libnds/lib/libfat.a(file_allocation_table.o)
                              /home/riku/devkitPro/libnds/lib/libfat.a(fatfile.o) (_FAT_fat_nextCluster)
/home/riku/devkitPro/libnds/lib/libfat.a(filetime.o)
                              /home/riku/devkitPro/libnds/lib/libfat.a(fatdir.o) (_FAT_filetime_getTimeFromRTC)
/home/riku/devkitPro/libnds/lib/libfat.a(directory.o)
                              /home/riku/devkitPro/libnds/lib/libfat.a(fatdir.o) (_FAT_directory_entryGetCluster)
/home/riku/devkitPro/libnds/lib/libnds9.a(keys.o)
                              main.o (scanKeys)
/home/riku/devkitPro/libnds/lib/libnds9.a(sprite.o)
                              /home/riku/Escritorio/tiles/nflib/lib/libnflib.a(nf_sprite256.o) (oamInit)
/home/riku/devkitPro/libnds/lib/libnds9.a(trig.o)
                              /home/riku/devkitPro/libnds/lib/libnds9.a(sprite.o) (sinLerp)
/home/riku/devkitPro/libnds/lib/libnds9.a(console.o)
                              main.o (consoleDemoInit)
/home/riku/devkitPro/libnds/lib/libnds9.a(sprite_alloc.o)
                              /home/riku/devkitPro/libnds/lib/libnds9.a(sprite.o) (oamAllocReset)
/home/riku/devkitPro/libnds/lib/libnds9.a(video.o)
                              /home/riku/Escritorio/tiles/nflib/lib/libnflib.a(nf_basic.o) (setBrightness)
/home/riku/devkitPro/libnds/lib/libnds9.a(background.o)
                              /home/riku/devkitPro/libnds/lib/libnds9.a(console.o) (bgState)
/home/riku/devkitPro/libnds/lib/libnds9.a(dldi.o)
                              /home/riku/devkitPro/libnds/lib/libfat.a(disc.o) (dldiGetInternal)
/home/riku/devkitPro/libnds/lib/libnds9.a(dsi_sd.o)
                              /home/riku/devkitPro/libnds/lib/libfat.a(disc.o) (__io_dsisd)
/home/riku/devkitPro/libnds/lib/libnds9.a(initSystem.o)
                              /home/riku/devkitPro/devkitARM/bin/../lib/gcc/arm-none-eabi/5.3.0/../../../../arm-none-eabi/lib/thumb/ds_arm9_crt0.o (initSystem)
/home/riku/devkitPro/libnds/lib/libnds9.a(fifosystem.o)
                              /home/riku/devkitPro/libnds/lib/libnds9.a(initSystem.o) (fifoSetValue32Handler)
/home/riku/devkitPro/libnds/lib/libnds9.a(card.o)
                              /home/riku/devkitPro/libnds/lib/libfilesystem.a(nitrofs.o) (cardParamCommand)
/home/riku/devkitPro/libnds/lib/libnds9.a(libnds_exit.arm.o)
                              /home/riku/devkitPro/devkitARM/bin/../lib/gcc/arm-none-eabi/5.3.0/../../../../arm-none-eabi/lib/thumb/ds_arm9_crt0.o (__libnds_exit)
/home/riku/devkitPro/libnds/lib/libnds9.a(interrupts.o)
                              /home/riku/devkitPro/libnds/lib/libnds9.a(fifosystem.o) (irqSet)
/home/riku/devkitPro/libnds/lib/libnds9.a(dcache.o)
                              /home/riku/Escritorio/tiles/nflib/lib/libnflib.a(nf_basic.o) (DC_FlushRange)
/home/riku/devkitPro/libnds/lib/libnds9.a(dldi_stub.o)
[...]
Memory Configuration

Name             Origin             Length             Attributes
rom              0x0000000008000000 0x0000000002000000
ewram            0x0000000002000000 0x00000000003ff000
dtcm             0x000000000b000000 0x0000000000004000
vectors          0x0000000001000000 0x0000000000000100
itcm             0x0000000001000100 0x0000000000007f00
*default*        0x0000000000000000 0xffffffffffffffff

Linker script and memory map

                0x0000000001000000                __vectors_start = ORIGIN (vectors)
                0x0000000001000100                __itcm_start = ORIGIN (itcm)
                0x00000000023ff000                __ewram_end = (ORIGIN (ewram) + 0x3ff000)
                0x00000000023ff000                __eheap_end = (ORIGIN (ewram) + 0x3ff000)
                0x000000000b000000                __dtcm_start = ORIGIN (dtcm)
                0x000000000b004000                __dtcm_top = (ORIGIN (dtcm) + 0x4000)
                0x000000000b003ff8                __irq_flags = (__dtcm_top - 0x8)
                0x000000000b003ffc                __irq_vector = (__dtcm_top - 0x4)
                0x000000000b003f00                __sp_svc = (__dtcm_top - 0x100)
                0x000000000b003e00                __sp_irq = (__sp_svc - 0x100)
                0x000000000b003d00                __sp_usr = (__sp_irq - 0x100)

.init           0x0000000002000000      0x23c
                0x0000000002000000                __text_start = .
 *(.init)
 .init          0x0000000002000000      0x230 /home/riku/devkitPro/devkitARM/bin/../lib/gcc/arm-none-eabi/5.3.0/../../../../arm-none-eabi/lib/thumb/ds_arm9_crt0.o
                0x0000000002000000                _start
 .init          0x0000000002000230        0x4 /home/riku/devkitPro/devkitARM/bin/../lib/gcc/arm-none-eabi/5.3.0/thumb/crti.o
                0x0000000002000230                _init
 .init          0x0000000002000234        0x8 /home/riku/devkitPro/devkitARM/bin/../lib/gcc/arm-none-eabi/5.3.0/thumb/crtn.o
                0x000000000200023c                . = ALIGN (0x4)

.plt
 *(.plt)

.text           0x0000000002000240    0x26998
 *(EXCLUDE_FILE(*.itcm*) .text)
 .text          0x0000000002000240       0xd4 /home/riku/devkitPro/devkitARM/bin/../lib/gcc/arm-none-eabi/5.3.0/thumb/crtbegin.o
 .text          0x0000000002000314      0x874 /home/riku/Escritorio/tiles/nflib/lib/libnflib.a(nf_2d.o)
                0x0000000002000314                NF_Set2D
                0x000000000200037c                NF_ShowBg
                0x00000000020003f8                NF_HideBg
                0x000000000200049c                NF_ScrollBg
                0x00000000020007ec                NF_MoveSprite
                0x000000000200080c                NF_SpriteLayer
                0x0000000002000828                NF_ShowSprite
                0x0000000002000848                NF_HflipSprite
                0x0000000002000864                NF_GetSpriteHflip
                0x0000000002000880                NF_VflipSprite
                0x000000000200089c                NF_GetSpriteVflip
                0x00000000020008b8                NF_SpriteFrame
                0x0000000002000988                NF_EnableSpriteRotScale
                0x0000000002000a1c                NF_DisableSpriteRotScale
                0x0000000002000a90                NF_SpriteRotScale
 .text          0x0000000002000b88      0x4a0 /home/riku/Escritorio/tiles/nflib/lib/libnflib.a(nf_basic.o)
                0x0000000002000b88                NF_Error
                0x0000000002000e34                NF_SetRootFolder
                0x0000000002000f8c                NF_DmaMemCopy
                0x0000000002001018                NF_GetLanguage
 .text          0x0000000002001028      0x474 /home/riku/Escritorio/tiles/nflib/lib/libnflib.a(nf_colision.o)
                0x0000000002001028                NF_InitCmapBuffers
                0x0000000002001058                NF_ResetCmapBuffers
                0x00000000020010a0                NF_LoadColisionMap
                0x0000000002001188                NF_UnloadColisionMap
                0x00000000020011cc                NF_GetTile
                0x0000000002001218                NF_SetTile
                0x000000000200125c                NF_LoadColisionBg
                0x00000000020013cc                NF_UnloadColisionBg
                0x0000000002001418                NF_GetPoint
 .text          0x000000000200149c     0x13b4 /home/riku/Escritorio/tiles/nflib/lib/libnflib.a(nf_sprite256.o)
                0x000000000200149c                NF_InitSpriteBuffers
                0x00000000020014e8                NF_ResetSpriteBuffers
                0x000000000200151c                NF_InitSpriteSys
                0x000000000200172c                NF_LoadSpriteGfx
                0x000000000200183c                NF_UnloadSpriteGfx
                0x00000000020018ac                NF_LoadSpritePal
                0x00000000020019a8                NF_UnloadSpritePal
                0x00000000020019f8                NF_VramSpriteGfx
                0x0000000002001d50                NF_VramSpriteGfxDefrag
                0x0000000002001f54                NF_FreeSpriteGfx
                0x0000000002002054                NF_VramSpritePal
                0x0000000002002128                NF_CreateSprite
                0x00000000020024c8                NF_DeleteSprite
                0x0000000002002568                NF_SpriteOamSet
                0x0000000002002640                NF_SpriteSetPalColor
                0x00000000020026d8                NF_SpriteEditPalColor
                0x0000000002002754                NF_SpriteUpdatePalette
                0x00000000020027e4                NF_SpriteGetPalColor
 .text          0x0000000002002850      0x844 /home/riku/Escritorio/tiles/nflib/lib/libnflib.a(nf_text.o)
                0x0000000002002850                NF_InitTextSys
                0x0000000002002884                NF_LoadTextFont
                0x0000000002002ad8                NF_UnloadTextFont
                0x0000000002002ae0                NF_CreateTextLayer
                0x0000000002002b74                NF_DeleteTextLayer
                0x0000000002002bcc                NF_WriteText
                0x0000000002002f24                NF_UpdateTextLayers
                0x0000000002002f6c                NF_ClearTextLayer
                0x0000000002002fd4                NF_DefineTextColor
                0x0000000002003078                NF_SetTextColor
 .text          0x0000000002003094     0x19fc /home/riku/Escritorio/tiles/nflib/lib/libnflib.a(nf_tiledbg.o)
                0x0000000002003094                NF_InitTiledBgBuffers
                0x0000000002003130                NF_ResetTiledBgBuffers
                0x0000000002003194                NF_InitTiledBgSys
                0x00000000020032c4                NF_LoadTiledBg
                0x0000000002003544                NF_LoadTilesForBg
                0x00000000020037c0                NF_UnloadTiledBg
                0x0000000002003878                NF_DeleteTiledBg
                0x0000000002003a20                NF_CreateTiledBg
                0x0000000002004048                NF_GetTileMapAddress
                0x0000000002004104                NF_GetTileOfMap
                0x000000000200413c                NF_SetTileOfMap
                0x0000000002004180                NF_UpdateVramMap
                0x00000000020042a0                NF_BgSetPalColor
                0x0000000002004350                NF_BgEditPalColor
                0x00000000020043f4                NF_BgUpdatePalette
                0x00000000020044b4                NF_BgGetPalColor
                0x000000000200454c                NF_GetTilePal
                0x0000000002004580                NF_SetTilePal
                0x00000000020045c8                NF_LoadExBgPal
                0x00000000020046b4                NF_UnloadExBgPal
                0x0000000002004704                NF_VramExBgPal
                0x00000000020047b8                NF_SetExBgPal
                0x0000000002004878                NF_SetTileHflip
                0x00000000020048b4                NF_SetTileVflip
                0x00000000020048f0                NF_RotateTileGfx
 .text          0x0000000002004a90      0xa10 /home/riku/devkitPro/libnds/lib/libfilesystem.a(nitrofs.o)
                0x0000000002005390                nitroFSInit
 .text          0x00000000020054a0      0x338 /home/riku/devkitPro/libnds/lib/libfat.a(libfat.o)
                0x00000000020054a0                fatMount
                0x0000000002005560                fatMountSimple
                0x0000000002005574                fatUnmount
                0x00000000020055ac                fatInit
                0x00000000020056f0                fatInitDefault
                0x00000000020056fc                fatGetVolumeLabel
 .text          0x00000000020057d8      0x768 /home/riku/devkitPro/libnds/lib/libfat.a(partition.o)
                0x00000000020059e4                FindFirstValidPartition_buf
                0x0000000002005b68                FindFirstValidPartition
                0x0000000002005b90                _FAT_partition_constructor_buf
                0x0000000002005e50                _FAT_partition_constructor
                0x0000000002005e90                _FAT_partition_destructor
                0x0000000002005ed8                _FAT_partition_getPartitionFromPath
                0x0000000002005eec                _FAT_partition_createFSinfo
                0x0000000002005f04                _FAT_partition_readFSinfo
                0x0000000002005f14                _FAT_partition_writeFSinfo
                0x0000000002005f24                _FAT_getCwdClusterPtr
 .text          0x0000000002005f40       0x10 /home/riku/devkitPro/libnds/lib/libfat.a(lock.o)
                0x0000000002005f40                _FAT_lock_init
                0x0000000002005f44                _FAT_lock_deinit
                0x0000000002005f48                _FAT_lock
                0x0000000002005f4c                _FAT_unlock
 .text          0x0000000002005f50      0x91c /home/riku/devkitPro/libnds/lib/libfat.a(fatdir.o)
                0x0000000002005f50                _FAT_stat_r
                0x0000000002005fec                _FAT_link_r
                0x0000000002005ff8                _FAT_unlink_r
                0x0000000002006180                _FAT_chdir_r
                0x00000000020061f0                _FAT_rename_r
                0x00000000020063bc                _FAT_mkdir_r
                0x0000000002006634                _FAT_statvfs_r
                0x00000000020066bc                _FAT_diropen_r
                0x000000000200677c                _FAT_dirreset_r
                0x00000000020067c8                _FAT_dirnext_r
                0x000000000200684c                _FAT_dirclose_r
 .text          0x000000000200686c      0x528 /home/riku/devkitPro/libnds/lib/libfat.a(cache.o)
                0x00000000020069a8                _FAT_cache_constructor
                0x0000000002006a48                _FAT_cache_readSectors
                0x0000000002006ab4                _FAT_cache_readPartialSector
                0x0000000002006af4                _FAT_cache_readLittleEndianValue
                0x0000000002006b80                _FAT_cache_writePartialSector
                0x0000000002006ba0                _FAT_cache_writeLittleEndianValue
                0x0000000002006bf4                _FAT_cache_eraseWritePartialSector
                0x0000000002006c60                _FAT_cache_writeSectors
                0x0000000002006cd8                _FAT_cache_flush
                0x0000000002006d30                _FAT_cache_destructor
                0x0000000002006d64                _FAT_cache_invalidate
 .text          0x0000000002006d94     0x1424 /home/riku/devkitPro/libnds/lib/libfat.a(fatfile.o)
                0x00000000020070e4                _FAT_findEntry
                0x0000000002007124                FAT_getAttr
                0x000000000200714c                FAT_setAttr
                0x00000000020071fc                _FAT_open_r
                0x0000000002007520                _FAT_syncToDisc
                0x0000000002007540                _FAT_close_r
                0x00000000020075b8                _FAT_read_r
                0x0000000002007914                _FAT_write_r
                0x0000000002007e14                _FAT_seek_r
                0x0000000002007f78                _FAT_fstat_r
                0x000000000200800c                _FAT_ftruncate_r
                0x0000000002008170                _FAT_fsync_r
 .text          0x00000000020081b8        0x8 /home/riku/devkitPro/libnds/lib/libfat.a(disc.o)
 .text          0x00000000020081c0      0x4bc /home/riku/devkitPro/libnds/lib/libfat.a(file_allocation_table.o)
                0x000000000200830c                _FAT_fat_nextCluster
                0x0000000002008428                _FAT_fat_linkFreeCluster
                0x00000000020084bc                _FAT_fat_linkFreeClusterCleared
                0x000000000200852c                _FAT_fat_clearLinks
                0x0000000002008590                _FAT_fat_trimChain
                0x000000000200861c                _FAT_fat_lastCluster
                0x0000000002008650                _FAT_fat_freeClusterCount
 .text          0x000000000200867c       0xb8 /home/riku/devkitPro/libnds/lib/libfat.a(filetime.o)
                0x000000000200867c                _FAT_filetime_getTimeFromRTC
                0x00000000020086bc                _FAT_filetime_getDateFromRTC
                0x00000000020086fc                _FAT_filetime_to_time_t
 .text          0x0000000002008734     0x14c0 /home/riku/devkitPro/libnds/lib/libfat.a(directory.o)
                0x00000000020089d8                _FAT_directory_entryGetCluster
                0x00000000020089f4                _FAT_directory_getNextEntry
                0x0000000002008c70                _FAT_directory_getFirstEntry
                0x0000000002008c90                _FAT_directory_getRootEntry
                0x0000000002008cec                _FAT_directory_getVolumeLabel
                0x0000000002008db0                _FAT_directory_entryFromPosition
                0x0000000002008ef8                _FAT_directory_entryFromPath
                0x000000000200916c                _FAT_directory_removeEntry
                0x0000000002009234                _FAT_directory_addEntry
                0x0000000002009ad0                _FAT_directory_chdir
                0x0000000002009b1c                _FAT_directory_entryStat
 .text          0x0000000002009bf4       0xf4 /home/riku/devkitPro/libnds/lib/libnds9.a(keys.o)
                0x0000000002009bf4                scanKeys
                0x0000000002009c60                keysHeld
                0x0000000002009c6c                keysDown
                0x0000000002009c7c                keysDownRepeat
                0x0000000002009c8c                keysSetRepeat
                0x0000000002009ca4                keysUp
                0x0000000002009cb4                keysCurrent
 .text          0x0000000002009ce8      0x3f8 /home/riku/devkitPro/libnds/lib/libnds9.a(sprite.o)
                0x0000000002009ce8                oamInit
                0x0000000002009e04                oamDisable
                0x0000000002009e30                oamEnable
                0x0000000002009e50                oamGetGfxPtr
                0x0000000002009e88                oamClear
                0x0000000002009eb0                oamGfxPtrToOffset
                0x0000000002009ee0                oamSet
                0x000000000200a034                oamUpdate
                0x000000000200a094                oamRotateScale
 .text          0x000000000200a0e0      0x2a0 /home/riku/devkitPro/libnds/lib/libnds9.a(trig.o)
                0x000000000200a0e0                asinComp
                0x000000000200a104                sinLutLookup
                0x000000000200a13c                sinLerp
                0x000000000200a1d8                cosLerp
                0x000000000200a1ec                tanLutLookup
                0x000000000200a224                tanLerp
                0x000000000200a2cc                asinLerp
                0x000000000200a348                acosLerp
                0x000000000200a35c                atanComp
 .text          0x000000000200a380      0xa30 /home/riku/devkitPro/libnds/lib/libnds9.a(console.o)
                0x000000000200a430                nocash_write
                0x000000000200a440                consoleGetDefault
                0x000000000200a44c                consoleSelect
                0x000000000200a45c                consoleDebugInit
                0x000000000200a4ac                consolePrintChar
                0x000000000200a68c                consoleLoadFont
                0x000000000200a908                consoleSetFont
                0x000000000200a928                consoleInit
                0x000000000200aa90                consoleDemoInit
                0x000000000200aad4                con_write
                0x000000000200ad80                consoleClear
                0x000000000200ad90                consoleSetWindow
 .text          0x000000000200adb0      0x450 /home/riku/devkitPro/libnds/lib/libnds9.a(sprite_alloc.o)
                0x000000000200ade0                oamAllocReset
                0x000000000200adfc                oamAllocateGfx
                0x000000000200b024                oamFreeGfx
                0x000000000200b1ac                oamCountFragments
 .text          0x000000000200b200      0x1bc /home/riku/devkitPro/libnds/lib/libnds9.a(video.o)
                0x000000000200b200                vramSetMainBanks
                0x000000000200b244                vramSetPrimaryBanks
                0x000000000200b24c                vramSetBanks_EFG
                0x000000000200b284                vramRestorePrimaryBanks
                0x000000000200b290                vramRestoreMainBanks
                0x000000000200b29c                vramRestoreBanks_EFG
                0x000000000200b2a8                setBrightness
                0x000000000200b2e8                vramDefault
 .text          0x000000000200b3bc      0x350 /home/riku/devkitPro/libnds/lib/libnds9.a(background.o)
                0x000000000200b3f8                bgIsText
                0x000000000200b404                checkIfText
                0x000000000200b42c                bgUpdate
                0x000000000200b51c                bgInit_call
                0x000000000200b60c                bgInitSub_call
 .text          0x000000000200b70c      0x22c /home/riku/devkitPro/libnds/lib/libnds9.a(dldi.o)
                0x000000000200b70c                dldiGetInternal
                0x000000000200b740                dldiIsValid
                0x000000000200b77c                dldiFixDriverAddresses
                0x000000000200b854                dldiLoadFromFile
                0x000000000200b92c                dldiFree
 .text          0x000000000200b938      0x170 /home/riku/devkitPro/libnds/lib/libnds9.a(dsi_sd.o)
                0x000000000200b938                sdio_Shutdown
                0x000000000200b948                sdio_ClearStatus
                0x000000000200b950                sdio_Startup
                0x000000000200b9a8                sdio_IsInserted
                0x000000000200b9e8                sdio_ReadSectors
                0x000000000200ba48                sdio_WriteSectors
 .text          0x000000000200baa8      0x148 /home/riku/devkitPro/libnds/lib/libnds9.a(initSystem.o)
                0x000000000200baa8                initSystem
 .text          0x000000000200bbf0      0xd04 /home/riku/devkitPro/libnds/lib/libnds9.a(fifosystem.o)
                0x000000000200be44                fifoSetValue32Handler
                0x000000000200beb8                fifoSendAddress
                0x000000000200bef0                fifoSendValue32
                0x000000000200bf40                fifoSendDatamsg
                0x000000000200bfd0                fifoGetAddress
                0x000000000200c03c                fifoSetAddressHandler
                0x000000000200c0b0                fifoGetValue32
                0x000000000200c0c4                fifoGetDatamsg
                0x000000000200c5f4                fifoSetDatamsgHandler
                0x000000000200c68c                fifoCheckAddress
                0x000000000200c6b0                fifoCheckDatamsg
                0x000000000200c6d4                fifoCheckDatamsgLength
                0x000000000200c704                fifoCheckValue32
                0x000000000200c728                fifoInit
 .text          0x000000000200c8f4      0x27c /home/riku/devkitPro/libnds/lib/libnds9.a(card.o)
                0x000000000200c8f4                cardWriteCommand
                0x000000000200c918                cardPolledTransfer
                0x000000000200c968                cardStartTransfer
                0x000000000200c9c4                cardWriteAndRead
                0x000000000200ca08                cardParamCommand
                0x000000000200ca3c                cardReadID
                0x000000000200ca98                cardReset
                0x000000000200cb04                cardReadHeader
 .text          0x000000000200cb70       0x60 /home/riku/devkitPro/libnds/lib/libnds9.a(libnds_exit.arm.o)
                0x000000000200cb70                systemErrorExit
                0x000000000200cb74                __libnds_exit
 .text          0x000000000200cbd0      0x1e8 /home/riku/devkitPro/libnds/lib/libnds9.a(interrupts.o)
                0x000000000200cbd0                irqDummy
                0x000000000200cbd4                irqSet
                0x000000000200cc40                irqInitHandler
                0x000000000200cc68                irqInit
                0x000000000200ccb8                irqEnable
                0x000000000200cd1c                irqDisable
                0x000000000200cd80                irqClear
 .text          0x000000000200cdb8       0x88 /home/riku/devkitPro/libnds/lib/libnds9.a(dcache.o)
                0x000000000200cdb8                DC_FlushAll
                0x000000000200cde4                DC_FlushRange
                0x000000000200ce08                DC_InvalidateAll
                0x000000000200ce14                DC_InvalidateRange
 .text          0x000000000200ce40     0x8000 /home/riku/devkitPro/libnds/lib/libnds9.a(dldi_stub.o)
                0x000000000200ce40                _io_dldi_stub
 .text          0x0000000002014e40       0x20 /home/riku/devkitPro/libnds/lib/libnds9.a(IntrWait.o)
                0x0000000002014e40                swiIntrWait
 .text          0x0000000002014e60      0x1b4 /home/riku/devkitPro/libnds/lib/libnds9.a(mpu_setup.o)
                0x0000000002014e60                __libnds_mpu_setup
                0x0000000002014fa0                memCached
                0x0000000002014fb8                memUncached
 *fill*         0x0000000002015014        0xc ff
 .text          0x0000000002015020       0x30 /home/riku/devkitPro/libnds/lib/libnds9.a(swiSoftReset.o)
                0x0000000002015020                swiSoftReset
 .text          0x0000000002015050       0xa4 /home/riku/devkitPro/libnds/lib/libnds9.a(debugprint.o)
                0x0000000002015050                nocashWrite
                0x0000000002015052                nocashMessage
 *fill*         0x00000000020150f4        0xc ff
 .text          0x0000000002015100       0x70 /home/riku/devkitPro/libnds/lib/libnds9.a(biosCalls.o)
                0x0000000002015100                swiDelay
                0x0000000002015104                swiWaitForVBlank
                0x0000000002015108                swiSleep
                0x000000000201510c                swiChangeSoundBias
                0x0000000002015110                swiDivide
                0x0000000002015114                swiRemainder
                0x000000000201511a                swiDivMod
                0x0000000002015126                swiCopy
                0x000000000201512a                swiFastCopy
                0x000000000201512e                swiSqrt
                0x0000000002015132                swiCRC16
                0x0000000002015136                swiIsDebugger
                0x000000000201513a                swiUnpackBits
                0x000000000201513e                swiDecompressLZSSWram
                0x0000000002015142                swiDecompressLZSSVramNTR
                0x0000000002015146                swiDecompressLZSSVramTWL
                0x000000000201514a                swiDecompressHuffman
                0x000000000201514e                swiDecompressRLEWram
                0x0000000002015152                swiDecompressRLEVram
                0x0000000002015156                swiWaitForIRQ
                0x000000000201515a                swiDecodeDelta8
                0x000000000201515e                swiDecodeDelta16
                0x0000000002015162                swiSetHaltCR
 .text          0x0000000002015170      0x140 /home/riku/devkitPro/libnds/lib/libnds9.a(system.o)
                0x0000000002015170                setSDcallback
                0x000000000201517c                systemValueHandler
                0x00000000020151c4                systemMsgHandler
                0x0000000002015214                systemSleep
                0x000000000201522c                powerOn
                0x0000000002015258                powerOff
                0x0000000002015280                ledBlink
                0x0000000002015290                getBatteryLevel
 .text          0x00000000020152b0       0x24 /home/riku/devkitPro/libnds/lib/libnds9.a(timeSupport.o)
                0x00000000020152b0                __libnds_gtod
 .text          0x00000000020152d4      0x11c /home/riku/devkitPro/devkitARM/bin/../lib/gcc/arm-none-eabi/5.3.0/thumb/libgcc.a(_udivsi3.o)
                0x00000000020152d4                __udivsi3
                0x00000000020152d4                __aeabi_uidiv
                0x00000000020153d0                __aeabi_uidivmod
 .text          0x00000000020153f0      0x150 /home/riku/devkitPro/devkitARM/bin/../lib/gcc/arm-none-eabi/5.3.0/thumb/libgcc.a(_divsi3.o)
                0x00000000020153f0                __aeabi_idiv
                0x00000000020153f0                __divsi3
                0x0000000002015520                __aeabi_idivmod
 .text          0x0000000002015540        0x4 /home/riku/devkitPro/devkitARM/bin/../lib/gcc/arm-none-eabi/5.3.0/thumb/libgcc.a(_dvmd_tls.o)
                0x0000000002015540                __aeabi_ldiv0
                0x0000000002015540                __aeabi_idiv0
 .text          0x0000000002015544       0x60 /home/riku/devkitPro/devkitARM/bin/../lib/gcc/arm-none-eabi/5.3.0/thumb/libgcc.a(_muldi3.o)
                0x0000000002015544                __aeabi_lmul
                0x0000000002015544                __muldi3
 .text          0x00000000020155a4      0x224 /home/riku/devkitPro/devkitARM/bin/../lib/gcc/arm-none-eabi/5.3.0/../../../../arm-none-eabi/lib/thumb/libg.a(lib_a-strcmp.o)
                0x00000000020155a4                strcmp
 .text          0x00000000020157c8      0x160 /home/riku/devkitPro/devkitARM/bin/../lib/gcc/arm-none-eabi/5.3.0/../../../../arm-none-eabi/lib/thumb/libsysbase.a(iosupport.o)
                0x00000000020157cc                setDefaultDevice
                0x00000000020157dc                FindDevice
                0x0000000002015868                RemoveDevice
                0x000000000201588c                AddDevice
                0x0000000002015908                GetDeviceOpTab
 .text          0x0000000002015928       0x54 /home/riku/devkitPro/devkitARM/bin/../lib/gcc/arm-none-eabi/5.3.0/../../../../arm-none-eabi/lib/thumb/libsysbase.a(close.o)
                0x0000000002015928                _close_r
 .text          0x000000000201597c       0x44 /home/riku/devkitPro/devkitARM/bin/../lib/gcc/arm-none-eabi/5.3.0/../../../../arm-none-eabi/lib/thumb/libsysbase.a(fstat.o)
                0x000000000201597c                _fstat_r
 .text          0x00000000020159c0       0x28 /home/riku/devkitPro/devkitARM/bin/../lib/gcc/arm-none-eabi/5.3.0/../../../../arm-none-eabi/lib/thumb/libsysbase.a(gettod.o)
                0x00000000020159c0                _gettimeofday_r
 .text          0x00000000020159e8        0x4 /home/riku/devkitPro/devkitARM/bin/../lib/gcc/arm-none-eabi/5.3.0/../../../../arm-none-eabi/lib/thumb/libsysbase.a(isatty.o)
                0x00000000020159e8                _isatty_r
 .text          0x00000000020159ec       0x48 /home/riku/devkitPro/devkitARM/bin/../lib/gcc/arm-none-eabi/5.3.0/../../../../arm-none-eabi/lib/thumb/libsysbase.a(lseek.o)
                0x00000000020159ec                _lseek_r
 .text          0x0000000002015a34       0x9c /home/riku/devkitPro/devkitARM/bin/../lib/gcc/arm-none-eabi/5.3.0/../../../../arm-none-eabi/lib/thumb/libsysbase.a(open.o)
                0x0000000002015a34                _open_r
 .text          0x0000000002015ad0       0x48 /home/riku/devkitPro/devkitARM/bin/../lib/gcc/arm-none-eabi/5.3.0/../../../../arm-none-eabi/lib/thumb/libsysbase.a(read.o)
                0x0000000002015ad0                _read_r
 .text          0x0000000002015b18       0x54 /home/riku/devkitPro/devkitARM/bin/../lib/gcc/arm-none-eabi/5.3.0/../../../../arm-none-eabi/lib/thumb/libsysbase.a(sbrk.o)
                0x0000000002015b18                _sbrk_r
 .text          0x0000000002015b6c       0x48 /home/riku/devkitPro/devkitARM/bin/../lib/gcc/arm-none-eabi/5.3.0/../../../../arm-none-eabi/lib/thumb/libsysbase.a(write.o)
                0x0000000002015b6c                _write_r
 .text          0x0000000002015bb4      0x284 /home/riku/devkitPro/devkitARM/bin/../lib/gcc/arm-none-eabi/5.3.0/../../../../arm-none-eabi/lib/thumb/libsysbase.a(chdir.o)
                0x0000000002015bb4                _concatenate_path
                0x0000000002015cec                chdir
                0x0000000002015dd4                getcwd
 .text          0x0000000002015e38       0x4c /home/riku/devkitPro/devkitARM/bin/../lib/gcc/arm-none-eabi/5.3.0/../../../../arm-none-eabi/lib/thumb/libsysbase.a(build_argv.o)
                0x0000000002015e38                build_argv
 .text          0x0000000002015e84       0x20 /home/riku/devkitPro/devkitARM/bin/../lib/gcc/arm-none-eabi/5.3.0/../../../../arm-none-eabi/lib/thumb/libsysbase.a(flock.o)
                0x0000000002015e84                __flockfile
                0x0000000002015e94                __funlockfile
 .text          0x0000000002015ea4      0x104 /home/riku/devkitPro/devkitARM/bin/../lib/gcc/arm-none-eabi/5.3.0/../../../../arm-none-eabi/lib/thumb/libsysbase.a(syscall_support.o)
                0x0000000002015ea4                __libc_lock_init
                0x0000000002015ebc                __libc_lock_acquire
                0x0000000002015ed4                __libc_lock_try_acquire
                0x0000000002015ef4                __libc_lock_release
                0x0000000002015f0c                __libc_lock_close
                0x0000000002015f24                __libc_lock_init_recursive
                0x0000000002015f3c                __libc_lock_acquire_recursive
                0x0000000002015f54                __libc_lock_try_acquire_recursive
                0x0000000002015f74                __libc_lock_release_recursive
                0x0000000002015f8c                __libc_lock_close_recursive
 .text          0x0000000002015fa8      0x204 /home/riku/devkitPro/devkitARM/bin/../lib/gcc/arm-none-eabi/5.3.0/../../../../arm-none-eabi/lib/thumb/libsysbase.a(handle_manager.o)
                0x0000000002015fa8                __free_handle
                0x0000000002015fe0                __release_handle
                0x0000000002016018                __alloc_handle
                0x0000000002016070                __get_handle
                0x000000000201608c                dup
                0x0000000002016100                dup2
 .text          0x00000000020161ac       0x28 /home/riku/devkitPro/devkitARM/bin/../lib/gcc/arm-none-eabi/5.3.0/../../../../arm-none-eabi/lib/thumb/libsysbase.a(getreent.o)
                0x00000000020161ac                __getreent
 .text          0x00000000020161d4      0x41c /home/riku/devkitPro/devkitARM/bin/../lib/gcc/arm-none-eabi/5.3.0/thumb/libgcc.a(_arm_addsubdf3.o)
                0x00000000020161d4                __aeabi_drsub
                0x00000000020161dc                __aeabi_dsub
                0x00000000020161dc                __subdf3
                0x00000000020161e0                __adddf3
                0x00000000020161e0                __aeabi_dadd
                0x00000000020164f0                __aeabi_ui2d
                0x00000000020164f0                __floatunsidf
                0x0000000002016514                __floatsidf
                0x0000000002016514                __aeabi_i2d
                0x000000000201653c                __extendsfdf2
                0x000000000201653c                __aeabi_f2d
                0x000000000201657c                __aeabi_ul2d
                0x000000000201657c                __floatundidf
                0x0000000002016590                __floatdidf
                0x0000000002016590                __aeabi_l2d
 .text          0x00000000020165f0      0x49c /home/riku/devkitPro/devkitARM/bin/../lib/gcc/arm-none-eabi/5.3.0/thumb/libgcc.a(_arm_muldivdf3.o)
                0x00000000020165f0                __aeabi_dmul
                0x00000000020165f0                __muldf3
                0x0000000002016880                __aeabi_ddiv
                0x0000000002016880                __divdf3
 .text          0x0000000002016a8c      0x144 /home/riku/devkitPro/devkitARM/bin/../lib/gcc/arm-none-eabi/5.3.0/thumb/libgcc.a(_arm_cmpdf2.o)
                0x0000000002016a8c                __gtdf2
                0x0000000002016a8c                __gedf2
                0x0000000002016a94                __ltdf2
                0x0000000002016a94                __ledf2
                0x0000000002016a9c                __cmpdf2
                0x0000000002016a9c                __eqdf2
                0x0000000002016a9c                __nedf2
                0x0000000002016b24                __aeabi_cdrcmple
                0x0000000002016b40                __aeabi_cdcmple
                0x0000000002016b40                __aeabi_cdcmpeq
                0x0000000002016b58                __aeabi_dcmpeq
                0x0000000002016b70                __aeabi_dcmplt
                0x0000000002016b88                __aeabi_dcmple
                0x0000000002016ba0                __aeabi_dcmpge
                0x0000000002016bb8                __aeabi_dcmpgt
 .text          0x0000000002016bd0       0x5c /home/riku/devkitPro/devkitARM/bin/../lib/gcc/arm-none-eabi/5.3.0/thumb/libgcc.a(_arm_fixdfsi.o)
                0x0000000002016bd0                __fixdfsi
                0x0000000002016bd0                __aeabi_d2iz
 .text          0x0000000002016c2c       0x3c /home/riku/devkitPro/devkitARM/bin/../lib/gcc/arm-none-eabi/5.3.0/thumb/libgcc.a(_aeabi_uldivmod.o)
                0x0000000002016c2c                __aeabi_uldivmod
 .text          0x0000000002016c68      0x184 /home/riku/devkitPro/devkitARM/bin/../lib/gcc/arm-none-eabi/5.3.0/thumb/libgcc.a(_udivmoddi4.o)
                0x0000000002016c68                __udivmoddi4
 .text          0x0000000002016dec       0x28 /home/riku/devkitPro/devkitARM/bin/../lib/gcc/arm-none-eabi/5.3.0/thumb/libgcc.a(_clzdi2.o)
                0x0000000002016dec                __clzdi2
 .text          0x0000000002016e14       0x48 /home/riku/devkitPro/devkitARM/bin/../lib/gcc/arm-none-eabi/5.3.0/thumb/libgcc.a(_clzsi2.o)
                0x0000000002016e14                __clzsi2
 *(.text.*)
 .text.startup  0x0000000002016e5c      0x3f4 main.o
                0x0000000002016e5c                main
 .text.bsearch  0x0000000002017250       0x64 /home/riku/devkitPro/devkitARM/bin/../lib/gcc/arm-none-eabi/5.3.0/../../../../arm-none-eabi/lib/thumb/libg.a(lib_a-bsearch.o)
                0x0000000002017250                bsearch
 .text.calloc   0x00000000020172b4       0x18 /home/riku/devkitPro/devkitARM/bin/../lib/gcc/arm-none-eabi/5.3.0/../../../../arm-none-eabi/lib/thumb/libg.a(lib_a-calloc.o)
                0x00000000020172b4                calloc
 .text._calloc_r
                0x00000000020172cc       0x64 /home/riku/devkitPro/devkitARM/bin/../lib/gcc/arm-none-eabi/5.3.0/../../../../arm-none-eabi/lib/thumb/libg.a(lib_a-callocr.o)
                0x00000000020172cc                _calloc_r
 .text._fclose_r
                0x0000000002017330       0xb4 /home/riku/devkitPro/devkitARM/bin/../lib/gcc/arm-none-eabi/5.3.0/../../../../arm-none-eabi/lib/thumb/libg.a(lib_a-fclose.o)
                0x0000000002017330                _fclose_r
 .text.fclose   0x00000000020173e4       0x14 /home/riku/devkitPro/devkitARM/bin/../lib/gcc/arm-none-eabi/5.3.0/../../../../arm-none-eabi/lib/thumb/libg.a(lib_a-fclose.o)
                0x00000000020173e4                fclose
 .text.__sflush_r
                0x00000000020173f8      0x158 /home/riku/devkitPro/devkitARM/bin/../lib/gcc/arm-none-eabi/5.3.0/../../../../arm-none-eabi/lib/thumb/libg.a(lib_a-fflush.o)
                0x00000000020173f8                __sflush_r
 .text._fflush_r
                0x0000000002017550       0x58 /home/riku/devkitPro/devkitARM/bin/../lib/gcc/arm-none-eabi/5.3.0/../../../../arm-none-eabi/lib/thumb/libg.a(lib_a-fflush.o)
                0x0000000002017550                _fflush_r
 .text.fflush   0x00000000020175a8       0x2c /home/riku/devkitPro/devkitARM/bin/../lib/gcc/arm-none-eabi/5.3.0/../../../../arm-none-eabi/lib/thumb/libg.a(lib_a-fflush.o)
                0x00000000020175a8                fflush
 .text._cleanup_r
                0x00000000020175d4       0x14 /home/riku/devkitPro/devkitARM/bin/../lib/gcc/arm-none-eabi/5.3.0/../../../../arm-none-eabi/lib/thumb/libg.a(lib_a-findfp.o)
                0x00000000020175d4                _cleanup_r
 .text.std.isra.0
                0x00000000020175e8       0x54 /home/riku/devkitPro/devkitARM/bin/../lib/gcc/arm-none-eabi/5.3.0/../../../../arm-none-eabi/lib/thumb/libg.a(lib_a-findfp.o)
 .text.__sfmoreglue
                0x000000000201763c       0x34 /home/riku/devkitPro/devkitARM/bin/../lib/gcc/arm-none-eabi/5.3.0/../../../../arm-none-eabi/lib/thumb/libg.a(lib_a-findfp.o)
                0x000000000201763c                __sfmoreglue
 .text.__sinit  0x0000000002017670       0x64 /home/riku/devkitPro/devkitARM/bin/../lib/gcc/arm-none-eabi/5.3.0/../../../../arm-none-eabi/lib/thumb/libg.a(lib_a-findfp.o)
                0x0000000002017670                __sinit
 .text.__sfp    0x00000000020176d4       0xb4 /home/riku/devkitPro/devkitARM/bin/../lib/gcc/arm-none-eabi/5.3.0/../../../../arm-none-eabi/lib/thumb/libg.a(lib_a-findfp.o)
                0x00000000020176d4                __sfp
 .text.__sfp_lock_acquire
                0x0000000002017788       0x14 /home/riku/devkitPro/devkitARM/bin/../lib/gcc/arm-none-eabi/5.3.0/../../../../arm-none-eabi/lib/thumb/libg.a(lib_a-findfp.o)
                0x0000000002017788                __sfp_lock_acquire
 .text.__sfp_lock_release
                0x000000000201779c       0x14 /home/riku/devkitPro/devkitARM/bin/../lib/gcc/arm-none-eabi/5.3.0/../../../../arm-none-eabi/lib/thumb/libg.a(lib_a-findfp.o)
                0x000000000201779c                __sfp_lock_release
 .text._fopen_r
                0x00000000020177b0       0xb4 /home/riku/devkitPro/devkitARM/bin/../lib/gcc/arm-none-eabi/5.3.0/../../../../arm-none-eabi/lib/thumb/libg.a(lib_a-fopen.o)
                0x00000000020177b0                _fopen_r
 .text.fopen    0x0000000002017864       0x18 /home/riku/devkitPro/devkitARM/bin/../lib/gcc/arm-none-eabi/5.3.0/../../../../arm-none-eabi/lib/thumb/libg.a(lib_a-fopen.o)
                0x0000000002017864                fopen
 .text._fread_r
                0x000000000201787c      0x1e0 /home/riku/devkitPro/devkitARM/bin/../lib/gcc/arm-none-eabi/5.3.0/../../../../arm-none-eabi/lib/thumb/libg.a(lib_a-fread.o)
                0x000000000201787c                _fread_r
 .text.fread    0x0000000002017a5c       0x24 /home/riku/devkitPro/devkitARM/bin/../lib/gcc/arm-none-eabi/5.3.0/../../../../arm-none-eabi/lib/thumb/libg.a(lib_a-fread.o)
                0x0000000002017a5c                fread
 .text._malloc_trim_r
                0x0000000002017a80       0xa4 /home/riku/devkitPro/devkitARM/bin/../lib/gcc/arm-none-eabi/5.3.0/../../../../arm-none-eabi/lib/thumb/libg.a(lib_a-freer.o)
                0x0000000002017a80                _malloc_trim_r
 .text._free_r  0x0000000002017b24      0x1c8 /home/riku/devkitPro/devkitARM/bin/../lib/gcc/arm-none-eabi/5.3.0/../../../../arm-none-eabi/lib/thumb/libg.a(lib_a-freer.o)
                0x0000000002017b24                _free_r
 .text._fseek_r
                0x0000000002017cec        0xc /home/riku/devkitPro/devkitARM/bin/../lib/gcc/arm-none-eabi/5.3.0/../../../../arm-none-eabi/lib/thumb/libg.a(lib_a-fseek.o)
                0x0000000002017cec                _fseek_r
 .text.fseek    0x0000000002017cf8       0x1c /home/riku/devkitPro/devkitARM/bin/../lib/gcc/arm-none-eabi/5.3.0/../../../../arm-none-eabi/lib/thumb/libg.a(lib_a-fseek.o)
                0x0000000002017cf8                fseek
 .text._fseeko_r
                0x0000000002017d14      0x334 /home/riku/devkitPro/devkitARM/bin/../lib/gcc/arm-none-eabi/5.3.0/../../../../arm-none-eabi/lib/thumb/libg.a(lib_a-fseeko.o)
                0x0000000002017d14                _fseeko_r
 .text.ftell    0x0000000002018048       0x14 /home/riku/devkitPro/devkitARM/bin/../lib/gcc/arm-none-eabi/5.3.0/../../../../arm-none-eabi/lib/thumb/libg.a(lib_a-ftell.o)
                0x0000000002018048                ftell
 .text._ftello_r
                0x000000000201805c       0xc8 /home/riku/devkitPro/devkitARM/bin/../lib/gcc/arm-none-eabi/5.3.0/../../../../arm-none-eabi/lib/thumb/libg.a(lib_a-ftello.o)
                0x000000000201805c                _ftello_r
 .text._fwalk   0x0000000002018124       0x4c /home/riku/devkitPro/devkitARM/bin/../lib/gcc/arm-none-eabi/5.3.0/../../../../arm-none-eabi/lib/thumb/libg.a(lib_a-fwalk.o)
                0x0000000002018124                _fwalk
 .text._fwalk_reent
                0x0000000002018170       0x54 /home/riku/devkitPro/devkitARM/bin/../lib/gcc/arm-none-eabi/5.3.0/../../../../arm-none-eabi/lib/thumb/libg.a(lib_a-fwalk.o)
                0x0000000002018170                _fwalk_reent
 .text.__libc_init_array
                0x00000000020181c4       0x58 /home/riku/devkitPro/devkitARM/bin/../lib/gcc/arm-none-eabi/5.3.0/../../../../arm-none-eabi/lib/thumb/libg.a(lib_a-init.o)
                0x00000000020181c4                __libc_init_array
 .text.iprintf  0x000000000201821c       0x24 /home/riku/devkitPro/devkitARM/bin/../lib/gcc/arm-none-eabi/5.3.0/../../../../arm-none-eabi/lib/thumb/libg.a(lib_a-iprintf.o)
                0x000000000201821c                iprintf
 .text.localtime_r
                0x0000000002018240      0x210 /home/riku/devkitPro/devkitARM/bin/../lib/gcc/arm-none-eabi/5.3.0/../../../../arm-none-eabi/lib/thumb/libg.a(lib_a-lcltime_r.o)
                0x0000000002018240                localtime_r
 .text.__locale_charset
                0x0000000002018450        0x8 /home/riku/devkitPro/devkitARM/bin/../lib/gcc/arm-none-eabi/5.3.0/../../../../arm-none-eabi/lib/thumb/libg.a(lib_a-locale.o)
                0x0000000002018450                __locale_charset
 .text.__locale_mb_cur_max
                0x0000000002018458        0xc /home/riku/devkitPro/devkitARM/bin/../lib/gcc/arm-none-eabi/5.3.0/../../../../arm-none-eabi/lib/thumb/libg.a(lib_a-locale.o)
                0x0000000002018458                __locale_mb_cur_max
 .text._localeconv_r
                0x0000000002018464        0x8 /home/riku/devkitPro/devkitARM/bin/../lib/gcc/arm-none-eabi/5.3.0/../../../../arm-none-eabi/lib/thumb/libg.a(lib_a-locale.o)
                0x0000000002018464                _localeconv_r
 .text.__smakebuf_r
                0x000000000201846c       0xf4 /home/riku/devkitPro/devkitARM/bin/../lib/gcc/arm-none-eabi/5.3.0/../../../../arm-none-eabi/lib/thumb/libg.a(lib_a-makebuf.o)
                0x000000000201846c                __smakebuf_r
 .text.malloc   0x0000000002018560       0x14 /home/riku/devkitPro/devkitARM/bin/../lib/gcc/arm-none-eabi/5.3.0/../../../../arm-none-eabi/lib/thumb/libg.a(lib_a-malloc.o)
                0x0000000002018560                malloc
 .text.free     0x0000000002018574       0x14 /home/riku/devkitPro/devkitARM/bin/../lib/gcc/arm-none-eabi/5.3.0/../../../../arm-none-eabi/lib/thumb/libg.a(lib_a-malloc.o)
                0x0000000002018574                free
 .text._malloc_r
                0x0000000002018588      0x564 /home/riku/devkitPro/devkitARM/bin/../lib/gcc/arm-none-eabi/5.3.0/../../../../arm-none-eabi/lib/thumb/libg.a(lib_a-mallocr.o)
                0x0000000002018588                _malloc_r
 .text._mbrtowc_r
                0x0000000002018aec       0x7c /home/riku/devkitPro/devkitARM/bin/../lib/gcc/arm-none-eabi/5.3.0/../../../../arm-none-eabi/lib/thumb/libg.a(lib_a-mbrtowc.o)
                0x0000000002018aec                _mbrtowc_r
 .text.mbrtowc  0x0000000002018b68       0x80 /home/riku/devkitPro/devkitARM/bin/../lib/gcc/arm-none-eabi/5.3.0/../../../../arm-none-eabi/lib/thumb/libg.a(lib_a-mbrtowc.o)
                0x0000000002018b68                mbrtowc
 .text.mbsrtowcs
                0x0000000002018be8       0x28 /home/riku/devkitPro/devkitARM/bin/../lib/gcc/arm-none-eabi/5.3.0/../../../../arm-none-eabi/lib/thumb/libg.a(lib_a-mbsrtowcs.o)
                0x0000000002018be8                mbsrtowcs
 .text.__utf8_mbtowc
                0x0000000002018c10      0x2cc /home/riku/devkitPro/devkitARM/bin/../lib/gcc/arm-none-eabi/5.3.0/../../../../arm-none-eabi/lib/thumb/libg.a(lib_a-mbtowc_r.o)
                0x0000000002018c10                __utf8_mbtowc
 .text.memcmp   0x0000000002018edc       0x54 /home/riku/devkitPro/devkitARM/bin/../lib/gcc/arm-none-eabi/5.3.0/../../../../arm-none-eabi/lib/thumb/libg.a(lib_a-memcmp.o)
                0x0000000002018edc                memcmp
 .text.memcpy   0x0000000002018f30       0x80 /home/riku/devkitPro/devkitARM/bin/../lib/gcc/arm-none-eabi/5.3.0/../../../../arm-none-eabi/lib/thumb/libg.a(lib_a-memcpy.o)
                0x0000000002018f30                memcpy
 .text.memmove  0x0000000002018fb0       0x9c /home/riku/devkitPro/devkitARM/bin/../lib/gcc/arm-none-eabi/5.3.0/../../../../arm-none-eabi/lib/thumb/libg.a(lib_a-memmove.o)
                0x0000000002018fb0                memmove
 .text.memset   0x000000000201904c       0x94 /home/riku/devkitPro/devkitARM/bin/../lib/gcc/arm-none-eabi/5.3.0/../../../../arm-none-eabi/lib/thumb/libg.a(lib_a-memset.o)
                0x000000000201904c                memset
 .text.validate_structure
                0x00000000020190e0      0x210 /home/riku/devkitPro/devkitARM/bin/../lib/gcc/arm-none-eabi/5.3.0/../../../../arm-none-eabi/lib/thumb/libg.a(lib_a-mktime.o)
 .text.mktime   0x00000000020192f0      0x378 /home/riku/devkitPro/devkitARM/bin/../lib/gcc/arm-none-eabi/5.3.0/../../../../arm-none-eabi/lib/thumb/libg.a(lib_a-mktime.o)
                0x00000000020192f0                mktime
 .text.__malloc_lock
                0x0000000002019668       0x14 /home/riku/devkitPro/devkitARM/bin/../lib/gcc/arm-none-eabi/5.3.0/../../../../arm-none-eabi/lib/thumb/libg.a(lib_a-mlock.o)
                0x0000000002019668                __malloc_lock
 .text.__malloc_unlock
                0x000000000201967c       0x14 /home/riku/devkitPro/devkitARM/bin/../lib/gcc/arm-none-eabi/5.3.0/../../../../arm-none-eabi/lib/thumb/libg.a(lib_a-mlock.o)
                0x000000000201967c                __malloc_unlock
 .text.realloc  0x0000000002019690       0x18 /home/riku/devkitPro/devkitARM/bin/../lib/gcc/arm-none-eabi/5.3.0/../../../../arm-none-eabi/lib/thumb/libg.a(lib_a-realloc.o)
                0x0000000002019690                realloc
 .text._realloc_r
                0x00000000020196a8      0x3ec /home/riku/devkitPro/devkitARM/bin/../lib/gcc/arm-none-eabi/5.3.0/../../../../arm-none-eabi/lib/thumb/libg.a(lib_a-reallocr.o)
                0x00000000020196a8                _realloc_r
 .text.lflush   0x0000000002019a94       0x20 /home/riku/devkitPro/devkitARM/bin/../lib/gcc/arm-none-eabi/5.3.0/../../../../arm-none-eabi/lib/thumb/libg.a(lib_a-refill.o)
 .text.__srefill_r
                0x0000000002019ab4      0x128 /home/riku/devkitPro/devkitARM/bin/../lib/gcc/arm-none-eabi/5.3.0/../../../../arm-none-eabi/lib/thumb/libg.a(lib_a-refill.o)
                0x0000000002019ab4                __srefill_r
 .text.rewind   0x0000000002019bdc       0x20 /home/riku/devkitPro/devkitARM/bin/../lib/gcc/arm-none-eabi/5.3.0/../../../../arm-none-eabi/lib/thumb/libg.a(lib_a-rewind.o)
                0x0000000002019bdc                rewind
 .text.setvbuf  0x0000000002019bfc      0x148 /home/riku/devkitPro/devkitARM/bin/../lib/gcc/arm-none-eabi/5.3.0/../../../../arm-none-eabi/lib/thumb/libg.a(lib_a-setvbuf.o)
                0x0000000002019bfc                setvbuf
 .text.siscanf  0x0000000002019d44       0x4c /home/riku/devkitPro/devkitARM/bin/../lib/gcc/arm-none-eabi/5.3.0/../../../../arm-none-eabi/lib/thumb/libg.a(lib_a-siscanf.o)
                0x0000000002019d44                siscanf
 .text.sprintf  0x0000000002019d90       0x48 /home/riku/devkitPro/devkitARM/bin/../lib/gcc/arm-none-eabi/5.3.0/../../../../arm-none-eabi/lib/thumb/libg.a(lib_a-sprintf.o)
                0x0000000002019d90                sprintf
 .text.__sread  0x0000000002019dd8       0x2c /home/riku/devkitPro/devkitARM/bin/../lib/gcc/arm-none-eabi/5.3.0/../../../../arm-none-eabi/lib/thumb/libg.a(lib_a-stdio.o)
                0x0000000002019dd8                __sread
 .text.__seofread
                0x0000000002019e04        0x4 /home/riku/devkitPro/devkitARM/bin/../lib/gcc/arm-none-eabi/5.3.0/../../../../arm-none-eabi/lib/thumb/libg.a(lib_a-stdio.o)
                0x0000000002019e04                __seofread
 .text.__swrite
                0x0000000002019e08       0x3c /home/riku/devkitPro/devkitARM/bin/../lib/gcc/arm-none-eabi/5.3.0/../../../../arm-none-eabi/lib/thumb/libg.a(lib_a-stdio.o)
                0x0000000002019e08                __swrite
 .text.__sseek  0x0000000002019e44       0x30 /home/riku/devkitPro/devkitARM/bin/../lib/gcc/arm-none-eabi/5.3.0/../../../../arm-none-eabi/lib/thumb/libg.a(lib_a-stdio.o)
                0x0000000002019e44                __sseek
 .text.__sclose
                0x0000000002019e74       0x10 /home/riku/devkitPro/devkitARM/bin/../lib/gcc/arm-none-eabi/5.3.0/../../../../arm-none-eabi/lib/thumb/libg.a(lib_a-stdio.o)
                0x0000000002019e74                __sclose
 .text.stpcpy   0x0000000002019e84       0x4c /home/riku/devkitPro/devkitARM/bin/../lib/gcc/arm-none-eabi/5.3.0/../../../../arm-none-eabi/lib/thumb/libg.a(lib_a-stpcpy.o)
                0x0000000002019e84                stpcpy
 .text.strchr   0x0000000002019ed0       0xdc /home/riku/devkitPro/devkitARM/bin/../lib/gcc/arm-none-eabi/5.3.0/../../../../arm-none-eabi/lib/thumb/libg.a(lib_a-strchr.o)
                0x0000000002019ed0                strchr
 .text.strcpy   0x0000000002019fac       0x10 /home/riku/devkitPro/devkitARM/bin/../lib/gcc/arm-none-eabi/5.3.0/../../../../arm-none-eabi/lib/thumb/libg.a(lib_a-strcpy.o)
                0x0000000002019fac                strcpy
 .text.strdup   0x0000000002019fbc       0x14 /home/riku/devkitPro/devkitARM/bin/../lib/gcc/arm-none-eabi/5.3.0/../../../../arm-none-eabi/lib/thumb/libg.a(lib_a-strdup.o)
                0x0000000002019fbc                strdup
 .text._strdup_r
                0x0000000002019fd0       0x2c /home/riku/devkitPro/devkitARM/bin/../lib/gcc/arm-none-eabi/5.3.0/../../../../arm-none-eabi/lib/thumb/libg.a(lib_a-strdup_r.o)
                0x0000000002019fd0                _strdup_r
 .text.strlen   0x0000000002019ffc       0x6c /home/riku/devkitPro/devkitARM/bin/../lib/gcc/arm-none-eabi/5.3.0/../../../../arm-none-eabi/lib/thumb/libg.a(lib_a-strlen.o)
                0x0000000002019ffc                strlen
 .text.strncasecmp
                0x000000000201a068       0x5c /home/riku/devkitPro/devkitARM/bin/../lib/gcc/arm-none-eabi/5.3.0/../../../../arm-none-eabi/lib/thumb/libg.a(lib_a-strncasecmp.o)
                0x000000000201a068                strncasecmp
 .text.strncmp  0x000000000201a0c4       0x94 /home/riku/devkitPro/devkitARM/bin/../lib/gcc/arm-none-eabi/5.3.0/../../../../arm-none-eabi/lib/thumb/libg.a(lib_a-strncmp.o)
                0x000000000201a0c4                strncmp
 .text.strncpy  0x000000000201a158       0x7c /home/riku/devkitPro/devkitARM/bin/../lib/gcc/arm-none-eabi/5.3.0/../../../../arm-none-eabi/lib/thumb/libg.a(lib_a-strncpy.o)
                0x000000000201a158                strncpy
 .text.strnlen  0x000000000201a1d4       0x30 /home/riku/devkitPro/devkitARM/bin/../lib/gcc/arm-none-eabi/5.3.0/../../../../arm-none-eabi/lib/thumb/libg.a(lib_a-strnlen.o)
                0x000000000201a1d4                strnlen
 .text.strpbrk  0x000000000201a204       0x4c /home/riku/devkitPro/devkitARM/bin/../lib/gcc/arm-none-eabi/5.3.0/../../../../arm-none-eabi/lib/thumb/libg.a(lib_a-strpbrk.o)
                0x000000000201a204                strpbrk
 .text.strrchr  0x000000000201a250       0x2c /home/riku/devkitPro/devkitARM/bin/../lib/gcc/arm-none-eabi/5.3.0/../../../../arm-none-eabi/lib/thumb/libg.a(lib_a-strrchr.o)
                0x000000000201a250                strrchr
 .text._strtol_r
                0x000000000201a27c      0x178 /home/riku/devkitPro/devkitARM/bin/../lib/gcc/arm-none-eabi/5.3.0/../../../../arm-none-eabi/lib/thumb/libg.a(lib_a-strtol.o)
                0x000000000201a27c                _strtol_r
 .text._sungetc_r
                0x000000000201a3f4       0x8c /home/riku/devkitPro/devkitARM/bin/../lib/gcc/arm-none-eabi/5.3.0/../../../../arm-none-eabi/lib/thumb/libg.a(lib_a-svfiscanf.o)
                0x000000000201a3f4                _sungetc_r
 .text.__ssrefill_r
                0x000000000201a480       0x44 /home/riku/devkitPro/devkitARM/bin/../lib/gcc/arm-none-eabi/5.3.0/../../../../arm-none-eabi/lib/thumb/libg.a(lib_a-svfiscanf.o)
                0x000000000201a480                __ssrefill_r
 .text._sfread_r
                0x000000000201a4c4       0x90 /home/riku/devkitPro/devkitARM/bin/../lib/gcc/arm-none-eabi/5.3.0/../../../../arm-none-eabi/lib/thumb/libg.a(lib_a-svfiscanf.o)
                0x000000000201a4c4                _sfread_r
 .text.__ssvfiscanf_r
                0x000000000201a554     0x1498 /home/riku/devkitPro/devkitARM/bin/../lib/gcc/arm-none-eabi/5.3.0/../../../../arm-none-eabi/lib/thumb/libg.a(lib_a-svfiscanf.o)
                0x000000000201a554                __ssvfiscanf_r
 .text.get_arg  0x000000000201b9ec      0xcb0 /home/riku/devkitPro/devkitARM/bin/../lib/gcc/arm-none-eabi/5.3.0/../../../../arm-none-eabi/lib/thumb/libg.a(lib_a-svfprintf.o)
 .text._svfprintf_r
                0x000000000201c69c     0x3114 /home/riku/devkitPro/devkitARM/bin/../lib/gcc/arm-none-eabi/5.3.0/../../../../arm-none-eabi/lib/thumb/libg.a(lib_a-svfprintf.o)
                0x000000000201c69c                _svfprintf_r
 .text.close    0x000000000201f7b0       0x14 /home/riku/devkitPro/devkitARM/bin/../lib/gcc/arm-none-eabi/5.3.0/../../../../arm-none-eabi/lib/thumb/libg.a(lib_a-sysclose.o)
                0x000000000201f7b0                close
 .text.lseek    0x000000000201f7c4       0x1c /home/riku/devkitPro/devkitARM/bin/../lib/gcc/arm-none-eabi/5.3.0/../../../../arm-none-eabi/lib/thumb/libg.a(lib_a-syslseek.o)
                0x000000000201f7c4                lseek
 .text.open     0x000000000201f7e0       0x28 /home/riku/devkitPro/devkitARM/bin/../lib/gcc/arm-none-eabi/5.3.0/../../../../arm-none-eabi/lib/thumb/libg.a(lib_a-sysopen.o)
                0x000000000201f7e0                open
 .text.read     0x000000000201f808       0x1c /home/riku/devkitPro/devkitARM/bin/../lib/gcc/arm-none-eabi/5.3.0/../../../../arm-none-eabi/lib/thumb/libg.a(lib_a-sysread.o)
                0x000000000201f808                read
 .text.time     0x000000000201f824       0x2c /home/riku/devkitPro/devkitARM/bin/../lib/gcc/arm-none-eabi/5.3.0/../../../../arm-none-eabi/lib/thumb/libg.a(lib_a-time.o)
                0x000000000201f824                time
 .text.towlower
                0x000000000201f850      0x7e0 /home/riku/devkitPro/devkitARM/bin/../lib/gcc/arm-none-eabi/5.3.0/../../../../arm-none-eabi/lib/thumb/libg.a(lib_a-towlower.o)
                0x000000000201f850                towlower
 .text.towupper
                0x0000000002020030      0x98c /home/riku/devkitPro/devkitARM/bin/../lib/gcc/arm-none-eabi/5.3.0/../../../../arm-none-eabi/lib/thumb/libg.a(lib_a-towupper.o)
                0x0000000002020030                towupper
 .text.__tzcalc_limits
                0x00000000020209bc      0x1a0 /home/riku/devkitPro/devkitARM/bin/../lib/gcc/arm-none-eabi/5.3.0/../../../../arm-none-eabi/lib/thumb/libg.a(lib_a-tzcalc_limits.o)
                0x00000000020209bc                __tzcalc_limits
 .text.__tz_lock
                0x0000000002020b5c       0x14 /home/riku/devkitPro/devkitARM/bin/../lib/gcc/arm-none-eabi/5.3.0/../../../../arm-none-eabi/lib/thumb/libg.a(lib_a-tzlock.o)
                0x0000000002020b5c                __tz_lock
 .text.__tz_unlock
                0x0000000002020b70       0x14 /home/riku/devkitPro/devkitARM/bin/../lib/gcc/arm-none-eabi/5.3.0/../../../../arm-none-eabi/lib/thumb/libg.a(lib_a-tzlock.o)
                0x0000000002020b70                __tz_unlock
 .text.__submore
                0x0000000002020b84       0x88 /home/riku/devkitPro/devkitARM/bin/../lib/gcc/arm-none-eabi/5.3.0/../../../../arm-none-eabi/lib/thumb/libg.a(lib_a-ungetc.o)
                0x0000000002020b84                __submore
 .text.get_arg  0x0000000002020c0c      0xcb0 /home/riku/devkitPro/devkitARM/bin/../lib/gcc/arm-none-eabi/5.3.0/../../../../arm-none-eabi/lib/thumb/libg.a(lib_a-vfiprintf.o)
 .text.__sprint_r.part.0
                0x00000000020218bc       0x80 /home/riku/devkitPro/devkitARM/bin/../lib/gcc/arm-none-eabi/5.3.0/../../../../arm-none-eabi/lib/thumb/libg.a(lib_a-vfiprintf.o)
 .text._vfiprintf_r
                0x000000000202193c     0x2240 /home/riku/devkitPro/devkitARM/bin/../lib/gcc/arm-none-eabi/5.3.0/../../../../arm-none-eabi/lib/thumb/libg.a(lib_a-vfiprintf.o)
                0x000000000202193c                _vfiprintf_r
 .text.__sbprintf
                0x0000000002023b7c       0x8c /home/riku/devkitPro/devkitARM/bin/../lib/gcc/arm-none-eabi/5.3.0/../../../../arm-none-eabi/lib/thumb/libg.a(lib_a-vfiprintf.o)
 .text._wcrtomb_r
                0x0000000002023c08       0x6c /home/riku/devkitPro/devkitARM/bin/../lib/gcc/arm-none-eabi/5.3.0/../../../../arm-none-eabi/lib/thumb/libg.a(lib_a-wcrtomb.o)
                0x0000000002023c08                _wcrtomb_r
 .text.wcrtomb  0x0000000002023c74       0x74 /home/riku/devkitPro/devkitARM/bin/../lib/gcc/arm-none-eabi/5.3.0/../../../../arm-none-eabi/lib/thumb/libg.a(lib_a-wcrtomb.o)
                0x0000000002023c74                wcrtomb
 .text._wcsrtombs_r
                0x0000000002023ce8       0x1c /home/riku/devkitPro/devkitARM/bin/../lib/gcc/arm-none-eabi/5.3.0/../../../../arm-none-eabi/lib/thumb/libg.a(lib_a-wcsrtombs.o)
                0x0000000002023ce8                _wcsrtombs_r
 .text.wctob    0x0000000002023d04       0x50 /home/riku/devkitPro/devkitARM/bin/../lib/gcc/arm-none-eabi/5.3.0/../../../../arm-none-eabi/lib/thumb/libg.a(lib_a-wctob.o)
                0x0000000002023d04                wctob
 .text.__utf8_wctomb
                0x0000000002023d54       0xbc /home/riku/devkitPro/devkitARM/bin/../lib/gcc/arm-none-eabi/5.3.0/../../../../arm-none-eabi/lib/thumb/libg.a(lib_a-wctomb_r.o)
                0x0000000002023d54                __utf8_wctomb
 .text.__swsetup_r
                0x0000000002023e10       0xcc /home/riku/devkitPro/devkitARM/bin/../lib/gcc/arm-none-eabi/5.3.0/../../../../arm-none-eabi/lib/thumb/libg.a(lib_a-wsetup.o)
                0x0000000002023e10                __swsetup_r
 .text.div      0x0000000002023edc       0x40 /home/riku/devkitPro/devkitARM/bin/../lib/gcc/arm-none-eabi/5.3.0/../../../../arm-none-eabi/lib/thumb/libg.a(lib_a-div.o)
                0x0000000002023edc                div
 .text.quorem   0x0000000002023f1c      0x158 /home/riku/devkitPro/devkitARM/bin/../lib/gcc/arm-none-eabi/5.3.0/../../../../arm-none-eabi/lib/thumb/libg.a(lib_a-dtoa.o)
 .text._dtoa_r  0x0000000002024074      0xfd8 /home/riku/devkitPro/devkitARM/bin/../lib/gcc/arm-none-eabi/5.3.0/../../../../arm-none-eabi/lib/thumb/libg.a(lib_a-dtoa.o)
                0x0000000002024074                _dtoa_r
 .text.__sflags
                0x000000000202504c       0x9c /home/riku/devkitPro/devkitARM/bin/../lib/gcc/arm-none-eabi/5.3.0/../../../../arm-none-eabi/lib/thumb/libg.a(lib_a-flags.o)
                0x000000000202504c                __sflags
 .text.__fputwc
                0x00000000020250e8       0xc0 /home/riku/devkitPro/devkitARM/bin/../lib/gcc/arm-none-eabi/5.3.0/../../../../arm-none-eabi/lib/thumb/libg.a(lib_a-fputwc.o)
                0x00000000020250e8                __fputwc
 .text._fputwc_r
                0x00000000020251a8       0x5c /home/riku/devkitPro/devkitARM/bin/../lib/gcc/arm-none-eabi/5.3.0/../../../../arm-none-eabi/lib/thumb/libg.a(lib_a-fputwc.o)
                0x00000000020251a8                _fputwc_r
 .text.__sfvwrite_r
                0x0000000002025204      0x340 /home/riku/devkitPro/devkitARM/bin/../lib/gcc/arm-none-eabi/5.3.0/../../../../arm-none-eabi/lib/thumb/libg.a(lib_a-fvwrite.o)
                0x0000000002025204                __sfvwrite_r
 .text.__gettzinfo
                0x0000000002025544        0x8 /home/riku/devkitPro/devkitARM/bin/../lib/gcc/arm-none-eabi/5.3.0/../../../../arm-none-eabi/lib/thumb/libg.a(lib_a-gettzinfo.o)
                0x0000000002025544                __gettzinfo
 .text.gmtime_r
                0x000000000202554c      0x178 /home/riku/devkitPro/devkitARM/bin/../lib/gcc/arm-none-eabi/5.3.0/../../../../arm-none-eabi/lib/thumb/libg.a(lib_a-gmtime_r.o)
                0x000000000202554c                gmtime_r
 .text.iswspace
                0x00000000020256c4       0x78 /home/riku/devkitPro/devkitARM/bin/../lib/gcc/arm-none-eabi/5.3.0/../../../../arm-none-eabi/lib/thumb/libg.a(lib_a-iswspace.o)
                0x00000000020256c4                iswspace
 .text.__jp2uc  0x000000000202573c      0x188 /home/riku/devkitPro/devkitARM/bin/../lib/gcc/arm-none-eabi/5.3.0/../../../../arm-none-eabi/lib/thumb/libg.a(lib_a-jp2uc.o)
 .text._jp2uc   0x00000000020258c4       0x64 /home/riku/devkitPro/devkitARM/bin/../lib/gcc/arm-none-eabi/5.3.0/../../../../arm-none-eabi/lib/thumb/libg.a(lib_a-jp2uc.o)
                0x00000000020258c4                _jp2uc
 .text._mbsnrtowcs_r
                0x0000000002025928       0xbc /home/riku/devkitPro/devkitARM/bin/../lib/gcc/arm-none-eabi/5.3.0/../../../../arm-none-eabi/lib/thumb/libg.a(lib_a-mbsnrtowcs.o)
                0x0000000002025928                _mbsnrtowcs_r
 .text.memchr   0x00000000020259e4       0x90 /home/riku/devkitPro/devkitARM/bin/../lib/gcc/arm-none-eabi/5.3.0/../../../../arm-none-eabi/lib/thumb/libg.a(lib_a-memchr.o)
                0x00000000020259e4                memchr
 .text._Balloc  0x0000000002025a74       0x54 /home/riku/devkitPro/devkitARM/bin/../lib/gcc/arm-none-eabi/5.3.0/../../../../arm-none-eabi/lib/thumb/libg.a(lib_a-mprec.o)
                0x0000000002025a74                _Balloc
 .text._Bfree   0x0000000002025ac8       0x14 /home/riku/devkitPro/devkitARM/bin/../lib/gcc/arm-none-eabi/5.3.0/../../../../arm-none-eabi/lib/thumb/libg.a(lib_a-mprec.o)
                0x0000000002025ac8                _Bfree
 .text.__multadd
                0x0000000002025adc       0x94 /home/riku/devkitPro/devkitARM/bin/../lib/gcc/arm-none-eabi/5.3.0/../../../../arm-none-eabi/lib/thumb/libg.a(lib_a-mprec.o)
                0x0000000002025adc                __multadd
 .text.__hi0bits
                0x0000000002025b70       0x3c /home/riku/devkitPro/devkitARM/bin/../lib/gcc/arm-none-eabi/5.3.0/../../../../arm-none-eabi/lib/thumb/libg.a(lib_a-mprec.o)
                0x0000000002025b70                __hi0bits
 .text.__lo0bits
                0x0000000002025bac       0x5c /home/riku/devkitPro/devkitARM/bin/../lib/gcc/arm-none-eabi/5.3.0/../../../../arm-none-eabi/lib/thumb/libg.a(lib_a-mprec.o)
                0x0000000002025bac                __lo0bits
 .text.__i2b    0x0000000002025c08       0x18 /home/riku/devkitPro/devkitARM/bin/../lib/gcc/arm-none-eabi/5.3.0/../../../../arm-none-eabi/lib/thumb/libg.a(lib_a-mprec.o)
                0x0000000002025c08                __i2b
 .text.__multiply
                0x0000000002025c20      0x16c /home/riku/devkitPro/devkitARM/bin/../lib/gcc/arm-none-eabi/5.3.0/../../../../arm-none-eabi/lib/thumb/libg.a(lib_a-mprec.o)
                0x0000000002025c20                __multiply
 .text.__pow5mult
                0x0000000002025d8c       0xc0 /home/riku/devkitPro/devkitARM/bin/../lib/gcc/arm-none-eabi/5.3.0/../../../../arm-none-eabi/lib/thumb/libg.a(lib_a-mprec.o)
                0x0000000002025d8c                __pow5mult
 .text.__lshift
                0x0000000002025e4c       0xc4 /home/riku/devkitPro/devkitARM/bin/../lib/gcc/arm-none-eabi/5.3.0/../../../../arm-none-eabi/lib/thumb/libg.a(lib_a-mprec.o)
                0x0000000002025e4c                __lshift
 .text.__mcmp   0x0000000002025f10       0x40 /home/riku/devkitPro/devkitARM/bin/../lib/gcc/arm-none-eabi/5.3.0/../../../../arm-none-eabi/lib/thumb/libg.a(lib_a-mprec.o)
                0x0000000002025f10                __mcmp
 .text.__mdiff  0x0000000002025f50      0x120 /home/riku/devkitPro/devkitARM/bin/../lib/gcc/arm-none-eabi/5.3.0/../../../../arm-none-eabi/lib/thumb/libg.a(lib_a-mprec.o)
                0x0000000002025f50                __mdiff
 .text.__d2b    0x0000000002026070       0xc0 /home/riku/devkitPro/devkitARM/bin/../lib/gcc/arm-none-eabi/5.3.0/../../../../arm-none-eabi/lib/thumb/libg.a(lib_a-mprec.o)
                0x0000000002026070                __d2b
 .text.__sccl   0x0000000002026130       0x7c /home/riku/devkitPro/devkitARM/bin/../lib/gcc/arm-none-eabi/5.3.0/../../../../arm-none-eabi/lib/thumb/libg.a(lib_a-sccl.o)
                0x0000000002026130                __sccl
 .text.__fpclassifyd
                0x00000000020261ac       0x5c /home/riku/devkitPro/devkitARM/bin/../lib/gcc/arm-none-eabi/5.3.0/../../../../arm-none-eabi/lib/thumb/libg.a(lib_a-s_fpclassify.o)
                0x00000000020261ac                __fpclassifyd
 .text.frexp    0x0000000002026208       0x74 /home/riku/devkitPro/devkitARM/bin/../lib/gcc/arm-none-eabi/5.3.0/../../../../arm-none-eabi/lib/thumb/libg.a(lib_a-s_frexp.o)
                0x0000000002026208                frexp
 .text._strtoll_r
                0x000000000202627c      0x1e8 /home/riku/devkitPro/devkitARM/bin/../lib/gcc/arm-none-eabi/5.3.0/../../../../arm-none-eabi/lib/thumb/libg.a(lib_a-strtoll_r.o)
                0x000000000202627c                _strtoll_r
 .text._strtoull_r
                0x0000000002026464      0x1ec /home/riku/devkitPro/devkitARM/bin/../lib/gcc/arm-none-eabi/5.3.0/../../../../arm-none-eabi/lib/thumb/libg.a(lib_a-strtoull_r.o)
                0x0000000002026464                _strtoull_r
 .text._strtoul_r
                0x0000000002026650      0x17c /home/riku/devkitPro/devkitARM/bin/../lib/gcc/arm-none-eabi/5.3.0/../../../../arm-none-eabi/lib/thumb/libg.a(lib_a-strtoul.o)
                0x0000000002026650                _strtoul_r
 .text.__ssprint_r
                0x00000000020267cc      0x134 /home/riku/devkitPro/devkitARM/bin/../lib/gcc/arm-none-eabi/5.3.0/../../../../arm-none-eabi/lib/thumb/libg.a(lib_a-svfiprintf.o)
                0x00000000020267cc                __ssprint_r
 .text.__swbuf_r
                0x0000000002026900       0xb8 /home/riku/devkitPro/devkitARM/bin/../lib/gcc/arm-none-eabi/5.3.0/../../../../arm-none-eabi/lib/thumb/libg.a(lib_a-wbuf.o)
                0x0000000002026900                __swbuf_r
 .text._wcsnrtombs_r
                0x00000000020269b8      0x118 /home/riku/devkitPro/devkitARM/bin/../lib/gcc/arm-none-eabi/5.3.0/../../../../arm-none-eabi/lib/thumb/libg.a(lib_a-wcsnrtombs.o)
                0x00000000020269b8                _wcsnrtombs_r
 .text.__errno  0x0000000002026ad0        0xc /home/riku/devkitPro/devkitARM/bin/../lib/gcc/arm-none-eabi/5.3.0/../../../../arm-none-eabi/lib/thumb/libg.a(lib_a-errno.o)
                0x0000000002026ad0                __errno
 *fill*         0x0000000002026adc        0x4 ff
 .text.__errno.__stub
                0x0000000002026ae0       0xe8 linker stubs
 *(.stub)
 *(.gnu.warning)
 *(.gnu.linkonce.t*)
 *(.glue_7)
 .glue_7        0x0000000002026bd8        0x0 linker stubs
 *(.glue_7t)
 .glue_7t       0x0000000002026bd8        0x0 linker stubs
                0x0000000002026bd8                . = ALIGN (0x4)

.vfp11_veneer   0x0000000002026bd8        0x0
 .vfp11_veneer  0x0000000002026bd8        0x0 linker stubs

.v4_bx          0x0000000002026bd8        0x0
 .v4_bx         0x0000000002026bd8        0x0 linker stubs

.iplt           0x0000000002026bd8        0x0
 .iplt          0x0000000002026bd8        0x0 /home/riku/devkitPro/devkitARM/bin/../lib/gcc/arm-none-eabi/5.3.0/../../../../arm-none-eabi/lib/thumb/ds_arm9_crt0.o

.fini           0x0000000002026bd8        0xc
 *(.fini)
 .fini          0x0000000002026bd8        0x4 /home/riku/devkitPro/devkitARM/bin/../lib/gcc/arm-none-eabi/5.3.0/thumb/crti.o
                0x0000000002026bd8                _fini
 .fini          0x0000000002026bdc        0x8 /home/riku/devkitPro/devkitARM/bin/../lib/gcc/arm-none-eabi/5.3.0/thumb/crtn.o
                0x0000000002026be4                __text_end = .

.rodata         0x0000000002026be8     0x8d70
 *(.rodata)
 .rodata        0x0000000002026be8       0x50 /home/riku/Escritorio/tiles/nflib/lib/libnflib.a(nf_basic.o)
 .rodata        0x0000000002026c38       0x68 /home/riku/devkitPro/libnds/lib/libfat.a(libfat.o)
 .rodata        0x0000000002026ca0        0xc /home/riku/devkitPro/libnds/lib/libfat.a(partition.o)
 .rodata        0x0000000002026cac       0x18 /home/riku/devkitPro/libnds/lib/libfat.a(disc.o)
                0x0000000002026cac                _FAT_disc_interfaces
 .rodata        0x0000000002026cc4       0x54 /home/riku/devkitPro/libnds/lib/libfat.a(directory.o)
 .rodata        0x0000000002026d18      0x308 /home/riku/devkitPro/libnds/lib/libnds9.a(trig.o)
                0x0000000002026d18                SIN_LUT
                0x0000000002026e1c                TAN_LUT
 .rodata        0x0000000002027020      0x20c /home/riku/devkitPro/libnds/lib/libnds9.a(console.o)
 .rodata        0x000000000202722c        0xc /home/riku/devkitPro/libnds/lib/libnds9.a(dldi.o)
                0x000000000202722c                DLDI_MAGIC_STRING_BACKWARDS
                0x0000000002027234                DLDI_MAGIC_NUMBER
 .rodata        0x0000000002027238       0x20 /home/riku/devkitPro/libnds/lib/libnds9.a(dsi_sd.o)
                0x0000000002027238                __io_dsisd
 .rodata        0x0000000002027258     0x2004 /home/riku/devkitPro/libnds/lib/libnds9.a(default_font.bin.o)
                0x0000000002027258                default_font_bin
                0x0000000002029258                default_font_bin_end
                0x0000000002029258                default_font_bin_size
 .rodata        0x000000000202925c       0x68 /home/riku/devkitPro/devkitARM/bin/../lib/gcc/arm-none-eabi/5.3.0/../../../../arm-none-eabi/lib/thumb/libsysbase.a(iosupport.o)
                0x000000000202925c                dotab_stdnull
 .rodata        0x00000000020292c4        0xc /home/riku/devkitPro/devkitARM/bin/../lib/gcc/arm-none-eabi/5.3.0/../../../../arm-none-eabi/lib/thumb/libsysbase.a(chdir.o)
                0x00000000020292c4                DIRECTORY_PARENT
                0x00000000020292c8                DIRECTORY_THIS
                0x00000000020292cc                DIRECTORY_SEPARATOR
 *all.rodata*(*)
 *(.roda)
 *(.rodata.*)
 .rodata.str1.4
                0x00000000020292d0       0xf2 main.o
                                         0xf4 (size before relaxing)
 *fill*         0x00000000020293c2        0x2 ff
 .rodata.str1.4
                0x00000000020293c4       0x27 /home/riku/Escritorio/tiles/nflib/lib/libnflib.a(nf_2d.o)
                                         0x28 (size before relaxing)
 *fill*         0x00000000020293eb        0x1 ff
 .rodata.str1.4
                0x00000000020293ec      0x613 /home/riku/Escritorio/tiles/nflib/lib/libnflib.a(nf_basic.o)
                                        0x628 (size before relaxing)
 *fill*         0x00000000020299ff        0x1 ff
 .rodata.str1.4
                0x0000000002029a00       0x2a /home/riku/Escritorio/tiles/nflib/lib/libnflib.a(nf_colision.o)
                                         0x2c (size before relaxing)
 *fill*         0x0000000002029a2a        0x2 ff
 .rodata.str1.4
                0x0000000002029a2c       0x6c /home/riku/Escritorio/tiles/nflib/lib/libnflib.a(nf_sprite256.o)
                                         0x7c (size before relaxing)
 .rodata.str1.4
                0x0000000002029a98       0x15 /home/riku/Escritorio/tiles/nflib/lib/libnflib.a(nf_text.o)
                                         0x28 (size before relaxing)
 *fill*         0x0000000002029aad        0x3 ff
 .rodata.str1.4
                0x0000000002029ab0       0x40 /home/riku/Escritorio/tiles/nflib/lib/libnflib.a(nf_tiledbg.o)
                                         0x6c (size before relaxing)
 .rodata.str1.4
                0x0000000002029af0       0x16 /home/riku/devkitPro/libnds/lib/libfilesystem.a(nitrofs.o)
                                         0x20 (size before relaxing)
 *fill*         0x0000000002029b06        0x2 ff
 .rodata.str1.4
                0x0000000002029b08       0x10 /home/riku/devkitPro/libnds/lib/libfat.a(libfat.o)
                                         0x14 (size before relaxing)
 .rodata.str1.4
                0x0000000002029b18        0x5 /home/riku/devkitPro/libnds/lib/libfat.a(fatdir.o)
                                          0x8 (size before relaxing)
 .rodata.str1.4
                0x0000000002029b1d        0x8 /home/riku/devkitPro/libnds/lib/libfat.a(disc.o)
 .rodata.str1.4
                0x0000000002029b1d        0x8 /home/riku/devkitPro/libnds/lib/libfat.a(directory.o)
 *fill*         0x0000000002029b1d        0x3 ff
 .rodata.str1.4
                0x0000000002029b20       0x4c /home/riku/devkitPro/libnds/lib/libnds9.a(console.o)
 .rodata._ctype_
                0x0000000002029b6c      0x104 /home/riku/devkitPro/devkitARM/bin/../lib/gcc/arm-none-eabi/5.3.0/../../../../arm-none-eabi/lib/thumb/libg.a(lib_a-ctype_.o)
                0x0000000002029b6c                _ctype_
 .rodata.str1.4
                0x0000000002029c70        0x2 /home/riku/devkitPro/devkitARM/bin/../lib/gcc/arm-none-eabi/5.3.0/../../../../arm-none-eabi/lib/thumb/libg.a(lib_a-impure.o)
                                          0x4 (size before relaxing)
 *fill*         0x0000000002029c72        0x2 ff
 .rodata._global_impure_ptr
                0x0000000002029c74        0x4 /home/riku/devkitPro/devkitARM/bin/../lib/gcc/arm-none-eabi/5.3.0/../../../../arm-none-eabi/lib/thumb/libg.a(lib_a-impure.o)
                0x0000000002029c74                _global_impure_ptr
 .rodata.str1.4
                0x0000000002029c78      0x120 /home/riku/devkitPro/devkitARM/bin/../lib/gcc/arm-none-eabi/5.3.0/../../../../arm-none-eabi/lib/thumb/libg.a(lib_a-locale.o)
                                        0x130 (size before relaxing)
 .rodata.str1.4
                0x0000000002029d98        0x4 /home/riku/devkitPro/devkitARM/bin/../lib/gcc/arm-none-eabi/5.3.0/../../../../arm-none-eabi/lib/thumb/libg.a(lib_a-mbrtowc.o)
 .rodata._DAYS_BEFORE_MONTH
                0x0000000002029d98       0x30 /home/riku/devkitPro/devkitARM/bin/../lib/gcc/arm-none-eabi/5.3.0/../../../../arm-none-eabi/lib/thumb/libg.a(lib_a-mktime.o)
 .rodata.DAYS_IN_MONTH
                0x0000000002029dc8       0x30 /home/riku/devkitPro/devkitARM/bin/../lib/gcc/arm-none-eabi/5.3.0/../../../../arm-none-eabi/lib/thumb/libg.a(lib_a-mktime.o)
 .rodata.__month_lengths
                0x0000000002029df8       0x60 /home/riku/devkitPro/devkitARM/bin/../lib/gcc/arm-none-eabi/5.3.0/../../../../arm-none-eabi/lib/thumb/libg.a(lib_a-month_lengths.o)
                0x0000000002029df8                __month_lengths
 .rodata.__ssvfiscanf_r
                0x0000000002029e58      0x324 /home/riku/devkitPro/devkitARM/bin/../lib/gcc/arm-none-eabi/5.3.0/../../../../arm-none-eabi/lib/thumb/libg.a(lib_a-svfiscanf.o)
 .rodata.basefix.6493
                0x000000000202a17c       0x24 /home/riku/devkitPro/devkitARM/bin/../lib/gcc/arm-none-eabi/5.3.0/../../../../arm-none-eabi/lib/thumb/libg.a(lib_a-svfiscanf.o)
 .rodata.get_arg
                0x000000000202a1a0      0x914 /home/riku/devkitPro/devkitARM/bin/../lib/gcc/arm-none-eabi/5.3.0/../../../../arm-none-eabi/lib/thumb/libg.a(lib_a-svfprintf.o)
 .rodata._svfprintf_r
                0x000000000202aab4      0x16c /home/riku/devkitPro/devkitARM/bin/../lib/gcc/arm-none-eabi/5.3.0/../../../../arm-none-eabi/lib/thumb/libg.a(lib_a-svfprintf.o)
 .rodata.blanks.7120
                0x000000000202ac20       0x10 /home/riku/devkitPro/devkitARM/bin/../lib/gcc/arm-none-eabi/5.3.0/../../../../arm-none-eabi/lib/thumb/libg.a(lib_a-svfprintf.o)
 .rodata.str1.4
                0x000000000202ac30       0x42 /home/riku/devkitPro/devkitARM/bin/../lib/gcc/arm-none-eabi/5.3.0/../../../../arm-none-eabi/lib/thumb/libg.a(lib_a-svfprintf.o)
                                         0x44 (size before relaxing)
 *fill*         0x000000000202ac72        0x2 ff
 .rodata.zeroes.7121
                0x000000000202ac74       0x10 /home/riku/devkitPro/devkitARM/bin/../lib/gcc/arm-none-eabi/5.3.0/../../../../arm-none-eabi/lib/thumb/libg.a(lib_a-svfprintf.o)
 .rodata.towlower
                0x000000000202ac84      0x674 /home/riku/devkitPro/devkitARM/bin/../lib/gcc/arm-none-eabi/5.3.0/../../../../arm-none-eabi/lib/thumb/libg.a(lib_a-towlower.o)
 .rodata.towupper
                0x000000000202b2f8      0x2dc /home/riku/devkitPro/devkitARM/bin/../lib/gcc/arm-none-eabi/5.3.0/../../../../arm-none-eabi/lib/thumb/libg.a(lib_a-towupper.o)
 .rodata.CSWTCH.1
                0x000000000202b5d4      0x108 /home/riku/devkitPro/devkitARM/bin/../lib/gcc/arm-none-eabi/5.3.0/../../../../arm-none-eabi/lib/thumb/libg.a(lib_a-towupper.o)
 .rodata.get_arg
                0x000000000202b6dc      0x914 /home/riku/devkitPro/devkitARM/bin/../lib/gcc/arm-none-eabi/5.3.0/../../../../arm-none-eabi/lib/thumb/libg.a(lib_a-vfiprintf.o)
 .rodata._vfiprintf_r
                0x000000000202bff0      0x16c /home/riku/devkitPro/devkitARM/bin/../lib/gcc/arm-none-eabi/5.3.0/../../../../arm-none-eabi/lib/thumb/libg.a(lib_a-vfiprintf.o)
 .rodata.blanks.7113
                0x000000000202c15c       0x10 /home/riku/devkitPro/devkitARM/bin/../lib/gcc/arm-none-eabi/5.3.0/../../../../arm-none-eabi/lib/thumb/libg.a(lib_a-vfiprintf.o)
 .rodata.str1.4
                0x000000000202c16c       0x30 /home/riku/devkitPro/devkitARM/bin/../lib/gcc/arm-none-eabi/5.3.0/../../../../arm-none-eabi/lib/thumb/libg.a(lib_a-vfiprintf.o)
 .rodata.zeroes.7114
                0x000000000202c16c       0x10 /home/riku/devkitPro/devkitARM/bin/../lib/gcc/arm-none-eabi/5.3.0/../../../../arm-none-eabi/lib/thumb/libg.a(lib_a-vfiprintf.o)
 .rodata.str1.4
                0x000000000202c17c       0x10 /home/riku/devkitPro/devkitARM/bin/../lib/gcc/arm-none-eabi/5.3.0/../../../../arm-none-eabi/lib/thumb/libg.a(lib_a-dtoa.o)
                                         0x14 (size before relaxing)
 .rodata.__jp2uc
                0x000000000202c18c       0x20 /home/riku/devkitPro/devkitARM/bin/../lib/gcc/arm-none-eabi/5.3.0/../../../../arm-none-eabi/lib/thumb/libg.a(lib_a-jp2uc.o)
 .rodata.a1     0x000000000202c1ac       0xbc /home/riku/devkitPro/devkitARM/bin/../lib/gcc/arm-none-eabi/5.3.0/../../../../arm-none-eabi/lib/thumb/libg.a(lib_a-jp2uc.o)
 .rodata.a2     0x000000000202c268       0xbc /home/riku/devkitPro/devkitARM/bin/../lib/gcc/arm-none-eabi/5.3.0/../../../../arm-none-eabi/lib/thumb/libg.a(lib_a-jp2uc.o)
 .rodata.a3     0x000000000202c324       0x5c /home/riku/devkitPro/devkitARM/bin/../lib/gcc/arm-none-eabi/5.3.0/../../../../arm-none-eabi/lib/thumb/libg.a(lib_a-jp2uc.o)
 .rodata.a6     0x000000000202c380       0x70 /home/riku/devkitPro/devkitARM/bin/../lib/gcc/arm-none-eabi/5.3.0/../../../../arm-none-eabi/lib/thumb/libg.a(lib_a-jp2uc.o)
 .rodata.a7     0x000000000202c3f0       0xa4 /home/riku/devkitPro/devkitARM/bin/../lib/gcc/arm-none-eabi/5.3.0/../../../../arm-none-eabi/lib/thumb/libg.a(lib_a-jp2uc.o)
 .rodata.a8     0x000000000202c494       0x40 /home/riku/devkitPro/devkitARM/bin/../lib/gcc/arm-none-eabi/5.3.0/../../../../arm-none-eabi/lib/thumb/libg.a(lib_a-jp2uc.o)
 .rodata.str1.4
                0x000000000202c4d4       0x14 /home/riku/devkitPro/devkitARM/bin/../lib/gcc/arm-none-eabi/5.3.0/../../../../arm-none-eabi/lib/thumb/libg.a(lib_a-jp2uc.o)
 .rodata.b02cf  0x000000000202c4d4     0x172c /home/riku/devkitPro/devkitARM/bin/../lib/gcc/arm-none-eabi/5.3.0/../../../../arm-none-eabi/lib/thumb/libg.a(lib_a-jp2uc.o)
 .rodata.d02f4  0x000000000202dc00     0x1a7c /home/riku/devkitPro/devkitARM/bin/../lib/gcc/arm-none-eabi/5.3.0/../../../../arm-none-eabi/lib/thumb/libg.a(lib_a-jp2uc.o)
 .rodata.p05.5410
                0x000000000202f67c        0xc /home/riku/devkitPro/devkitARM/bin/../lib/gcc/arm-none-eabi/5.3.0/../../../../arm-none-eabi/lib/thumb/libg.a(lib_a-mprec.o)
 .rodata.__mprec_bigtens
                0x000000000202f688       0x28 /home/riku/devkitPro/devkitARM/bin/../lib/gcc/arm-none-eabi/5.3.0/../../../../arm-none-eabi/lib/thumb/libg.a(lib_a-mprec.o)
                0x000000000202f688                __mprec_bigtens
 .rodata.__mprec_tens
                0x000000000202f6b0       0xc8 /home/riku/devkitPro/devkitARM/bin/../lib/gcc/arm-none-eabi/5.3.0/../../../../arm-none-eabi/lib/thumb/libg.a(lib_a-mprec.o)
                0x000000000202f6b0                __mprec_tens
 .rodata.__state_table
                0x000000000202f778       0x6c /home/riku/devkitPro/devkitARM/bin/../lib/gcc/arm-none-eabi/5.3.0/../../../../arm-none-eabi/lib/thumb/libg.a(lib_a-svfiprintf.o)
                0x000000000202f778                __state_table
 .rodata.__chclass
                0x000000000202f7e4      0x100 /home/riku/devkitPro/devkitARM/bin/../lib/gcc/arm-none-eabi/5.3.0/../../../../arm-none-eabi/lib/thumb/libg.a(lib_a-svfiprintf.o)
                0x000000000202f7e4                __chclass
 .rodata.__action_table
                0x000000000202f8e4       0x6c /home/riku/devkitPro/devkitARM/bin/../lib/gcc/arm-none-eabi/5.3.0/../../../../arm-none-eabi/lib/thumb/libg.a(lib_a-svfiprintf.o)
                0x000000000202f8e4                __action_table
 .rodata.str1.4
                0x000000000202f950        0x8 /home/riku/devkitPro/devkitARM/bin/../lib/gcc/arm-none-eabi/5.3.0/../../../../arm-none-eabi/lib/thumb/libsysbase.a(iosupport.o)
 *(.gnu.linkonce.r*)
                0x000000000202f958                . = ALIGN (0x4)

.ARM.extab
 *(.ARM.extab* .gnu.linkonce.armextab.*)
                0x000000000202f958                __exidx_start = .

ARM.exidx
 *(.ARM.exidx* .gnu.linkonce.armexidx.*)
                0x000000000202f958                __exidx_end = .
                0x000000000202f958                . = ALIGN (0x4)
                0x000000000202f958                PROVIDE (__preinit_array_start, .)

.preinit_array
 *(.preinit_array)
                0x000000000202f958                PROVIDE (__preinit_array_end, .)
                0x000000000202f958                PROVIDE (__init_array_start, .)

.init_array     0x000000000202f958        0x4
 *(SORT(.init_array.*))
 *(.init_array)
 .init_array    0x000000000202f958        0x4 /home/riku/devkitPro/devkitARM/bin/../lib/gcc/arm-none-eabi/5.3.0/thumb/crtbegin.o
                0x000000000202f95c                PROVIDE (__init_array_end, .)
                [!provide]                        PROVIDE (__fini_array_start, .)

.fini_array     0x000000000202f95c        0x4
 *(.fini_array)
 .fini_array    0x000000000202f95c        0x4 /home/riku/devkitPro/devkitARM/bin/../lib/gcc/arm-none-eabi/5.3.0/thumb/crtbegin.o
 *(SORT(.fini_array.*))
                [!provide]                        PROVIDE (__fini_array_end, .)

.ctors          0x000000000202f960        0x0
 *crtbegin.o(.ctors)
 *(EXCLUDE_FILE(*crtend.o) .ctors)
 *(SORT(.ctors.*))
 *(.ctors)
                0x000000000202f960                . = ALIGN (0x4)

.dtors          0x000000000202f960        0x0
 *crtbegin.o(.dtors)
 *(EXCLUDE_FILE(*crtend.o) .dtors)
 *(SORT(.dtors.*))
 *(.dtors)
                0x000000000202f960                . = ALIGN (0x4)

.eh_frame       0x000000000202f960       0x48
 *(.eh_frame)
 .eh_frame      0x000000000202f960        0x0 /home/riku/devkitPro/devkitARM/bin/../lib/gcc/arm-none-eabi/5.3.0/thumb/crtbegin.o
 .eh_frame      0x000000000202f960       0x44 /home/riku/devkitPro/devkitARM/bin/../lib/gcc/arm-none-eabi/5.3.0/../../../../arm-none-eabi/lib/thumb/libg.a(lib_a-strcmp.o)
 .eh_frame      0x000000000202f9a4        0x4 /home/riku/devkitPro/devkitARM/bin/../lib/gcc/arm-none-eabi/5.3.0/thumb/crtend.o
                0x000000000202f9a8                . = ALIGN (0x4)

.rel.dyn        0x000000000202f9a8        0x0
 .rel.iplt      0x000000000202f9a8        0x0 /home/riku/devkitPro/devkitARM/bin/../lib/gcc/arm-none-eabi/5.3.0/../../../../arm-none-eabi/lib/thumb/ds_arm9_crt0.o

.gcc_except_table
                0x000000000202f9a8        0x0
 *(.gcc_except_table)
                0x000000000202f9a8                . = ALIGN (0x4)

.jcr            0x000000000202f9a8        0x4
 *(.jcr)
 .jcr           0x000000000202f9a8        0x0 /home/riku/devkitPro/devkitARM/bin/../lib/gcc/arm-none-eabi/5.3.0/thumb/crtbegin.o
 .jcr           0x000000000202f9a8        0x4 /home/riku/devkitPro/devkitARM/bin/../lib/gcc/arm-none-eabi/5.3.0/thumb/crtend.o

.got
 *(.got.plt)
 *(.got)
 *(.rel.got)

.ewram          0x000000000202f9ac        0x0
                0x000000000202f9ac                __ewram_start = ABSOLUTE (.)
 *(.ewram)
 *ewram.*(.text)
                0x000000000202f9ac                . = ALIGN (0x4)

.data           0x000000000202f9ac     0x2b0c
                0x000000000202f9ac                __data_start = ABSOLUTE (.)
 *(.data)
 .data          0x000000000202f9ac       0x74 /home/riku/devkitPro/libnds/lib/libfilesystem.a(nitrofs.o)
                0x000000000202f9b0                syspaths
                0x000000000202f9b8                nitroFSdevoptab
 .data          0x000000000202fa20        0x3 /home/riku/devkitPro/libnds/lib/libnds9.a(keys.o)
 *fill*         0x000000000202fa23        0x1 ff
 .data          0x000000000202fa24       0x30 /home/riku/devkitPro/libnds/lib/libnds9.a(sprite.o)
                0x000000000202fa24                oamMain
                0x000000000202fa3c                oamSub
 .data          0x000000000202fa54       0x64 /home/riku/devkitPro/libnds/lib/libnds9.a(console.o)
                0x000000000202fa54                currentConsole
                0x000000000202fa58                defaultConsole
 .data          0x000000000202fab8       0x60 /home/riku/devkitPro/libnds/lib/libnds9.a(background.o)
                0x000000000202fab8                bgScrollTable
                0x000000000202fad8                bgTransform
                0x000000000202faf8                bgControl
 .data          0x000000000202fb18       0x10 /home/riku/devkitPro/libnds/lib/libnds9.a(fifosystem.o)
                0x000000000202fb18                fifo_buffer_free
                0x000000000202fb1c                fifo_freewords
                0x000000000202fb20                fifo_send_queue
                0x000000000202fb24                fifo_receive_queue
 .data          0x000000000202fb28       0x44 /home/riku/devkitPro/devkitARM/bin/../lib/gcc/arm-none-eabi/5.3.0/../../../../arm-none-eabi/lib/thumb/libsysbase.a(iosupport.o)
                0x000000000202fb2c                devoptab_list
 .data          0x000000000202fb6c     0x1000 /home/riku/devkitPro/devkitARM/bin/../lib/gcc/arm-none-eabi/5.3.0/../../../../arm-none-eabi/lib/thumb/libsysbase.a(chdir.o)
 .data          0x0000000002030b6c     0x1028 /home/riku/devkitPro/devkitARM/bin/../lib/gcc/arm-none-eabi/5.3.0/../../../../arm-none-eabi/lib/thumb/libsysbase.a(handle_manager.o)
 *(.data.*)
 .data.__ctype_ptr__
                0x0000000002031b94        0x4 /home/riku/devkitPro/devkitARM/bin/../lib/gcc/arm-none-eabi/5.3.0/../../../../arm-none-eabi/lib/thumb/libg.a(lib_a-ctype_.o)
                0x0000000002031b94                __ctype_ptr__
 .data.__sfp_lock
                0x0000000002031b98        0xc /home/riku/devkitPro/devkitARM/bin/../lib/gcc/arm-none-eabi/5.3.0/../../../../arm-none-eabi/lib/thumb/libg.a(lib_a-findfp.o)
 .data.__sinit_lock
                0x0000000002031ba4        0xc /home/riku/devkitPro/devkitARM/bin/../lib/gcc/arm-none-eabi/5.3.0/../../../../arm-none-eabi/lib/thumb/libg.a(lib_a-findfp.o)
 .data.impure_data
                0x0000000002031bb0      0x440 /home/riku/devkitPro/devkitARM/bin/../lib/gcc/arm-none-eabi/5.3.0/../../../../arm-none-eabi/lib/thumb/libg.a(lib_a-impure.o)
 .data._impure_ptr
                0x0000000002031ff0        0x4 /home/riku/devkitPro/devkitARM/bin/../lib/gcc/arm-none-eabi/5.3.0/../../../../arm-none-eabi/lib/thumb/libg.a(lib_a-impure.o)
                0x0000000002031ff0                _impure_ptr
 .data.lconv    0x0000000002031ff4       0x38 /home/riku/devkitPro/devkitARM/bin/../lib/gcc/arm-none-eabi/5.3.0/../../../../arm-none-eabi/lib/thumb/libg.a(lib_a-locale.o)
 .data.lc_ctype_charset
                0x000000000203202c       0x20 /home/riku/devkitPro/devkitARM/bin/../lib/gcc/arm-none-eabi/5.3.0/../../../../arm-none-eabi/lib/thumb/libg.a(lib_a-locale.o)
 .data.__mb_cur_max
                0x000000000203204c        0x4 /home/riku/devkitPro/devkitARM/bin/../lib/gcc/arm-none-eabi/5.3.0/../../../../arm-none-eabi/lib/thumb/libg.a(lib_a-locale.o)
                0x000000000203204c                __mb_cur_max
 .data.__malloc_av_
                0x0000000002032050      0x408 /home/riku/devkitPro/devkitARM/bin/../lib/gcc/arm-none-eabi/5.3.0/../../../../arm-none-eabi/lib/thumb/libg.a(lib_a-mallocr.o)
                0x0000000002032050                __malloc_av_
 .data.__malloc_trim_threshold
                0x0000000002032458        0x4 /home/riku/devkitPro/devkitARM/bin/../lib/gcc/arm-none-eabi/5.3.0/../../../../arm-none-eabi/lib/thumb/libg.a(lib_a-mallocr.o)
                0x0000000002032458                __malloc_trim_threshold
 .data.__malloc_sbrk_base
                0x000000000203245c        0x4 /home/riku/devkitPro/devkitARM/bin/../lib/gcc/arm-none-eabi/5.3.0/../../../../arm-none-eabi/lib/thumb/libg.a(lib_a-mallocr.o)
                0x000000000203245c                __malloc_sbrk_base
 .data.__mbtowc
                0x0000000002032460        0x4 /home/riku/devkitPro/devkitARM/bin/../lib/gcc/arm-none-eabi/5.3.0/../../../../arm-none-eabi/lib/thumb/libg.a(lib_a-mbtowc_r.o)
                0x0000000002032460                __mbtowc
 .data.__malloc_lock_object
                0x0000000002032464        0xc /home/riku/devkitPro/devkitARM/bin/../lib/gcc/arm-none-eabi/5.3.0/../../../../arm-none-eabi/lib/thumb/libg.a(lib_a-mlock.o)
 .data.__tz_lock_object
                0x0000000002032470        0x4 /home/riku/devkitPro/devkitARM/bin/../lib/gcc/arm-none-eabi/5.3.0/../../../../arm-none-eabi/lib/thumb/libg.a(lib_a-tzlock.o)
 .data.__wctomb
                0x0000000002032474        0x4 /home/riku/devkitPro/devkitARM/bin/../lib/gcc/arm-none-eabi/5.3.0/../../../../arm-none-eabi/lib/thumb/libg.a(lib_a-wctomb_r.o)
                0x0000000002032474                __wctomb
 .data.tzinfo   0x0000000002032478       0x40 /home/riku/devkitPro/devkitARM/bin/../lib/gcc/arm-none-eabi/5.3.0/../../../../arm-none-eabi/lib/thumb/libg.a(lib_a-gettzinfo.o)
 *(.gnu.linkonce.d*)
                0x00000000020324b8                . = ALIGN (0x4)
                0x00000000020324b8                __data_end = ABSOLUTE (.)
                0x00000000020324b8                __dtcm_lma = .
                0x00000000020324b8                __bss_vma = .

.igot.plt       0x00000000020324b8        0x0
 .igot.plt      0x00000000020324b8        0x0 /home/riku/devkitPro/devkitARM/bin/../lib/gcc/arm-none-eabi/5.3.0/../../../../arm-none-eabi/lib/thumb/ds_arm9_crt0.o

.tm_clone_table
                0x00000000020324b8        0x0
 .tm_clone_table
                0x00000000020324b8        0x0 /home/riku/devkitPro/devkitARM/bin/../lib/gcc/arm-none-eabi/5.3.0/thumb/crtbegin.o
 .tm_clone_table
                0x00000000020324b8        0x0 /home/riku/devkitPro/devkitARM/bin/../lib/gcc/arm-none-eabi/5.3.0/thumb/crtend.o

.dtcm           0x000000000b000000        0x0 load address 0x00000000020324b8
 *(.dtcm)
 *(.dtcm.*)
                0x000000000b000000                . = ALIGN (0x4)
                0x000000000b000000                __dtcm_end = ABSOLUTE (.)
                0x00000000020324b8                __itcm_lma = (__dtcm_lma + SIZEOF (.dtcm))

.itcm           0x0000000001000100      0x194 load address 0x00000000020324b8
 *(.itcm)
 .itcm          0x0000000001000100       0xc8 /home/riku/devkitPro/libnds/lib/libnds9.a(interrupts.o)
                0x0000000001000100                irqTable
 .itcm          0x00000000010001c8       0xcc /home/riku/devkitPro/libnds/lib/libnds9.a(interruptDispatcher.o)
                0x00000000010001c8                IntrMain
 *itcm.*(.text)